Archive member included to satisfy reference by file (symbol)

/n64_toolchain/lib/gcc/mips64-elf/14.2.0/../../../../mips64-elf/lib/libdragon.a(n64sys.o)
                              build/main.o (__boot_consoletype)
/n64_toolchain/lib/gcc/mips64-elf/14.2.0/../../../../mips64-elf/lib/libdragon.a(interrupt.o)
                              /n64_toolchain/lib/gcc/mips64-elf/14.2.0/../../../../mips64-elf/lib/libdragon.a(n64sys.o) (disable_interrupts)
/n64_toolchain/lib/gcc/mips64-elf/14.2.0/../../../../mips64-elf/lib/libdragon.a(entrypoint.o)
                              (_start)
/n64_toolchain/lib/gcc/mips64-elf/14.2.0/../../../../mips64-elf/lib/libdragon.a(debug.o)
                              build/main.o (debug_init_usblog)
/n64_toolchain/lib/gcc/mips64-elf/14.2.0/../../../../mips64-elf/lib/libdragon.a(usb.o)
                              /n64_toolchain/lib/gcc/mips64-elf/14.2.0/../../../../mips64-elf/lib/libdragon.a(debug.o) (usb_write)
/n64_toolchain/lib/gcc/mips64-elf/14.2.0/../../../../mips64-elf/lib/libdragon.a(cart.o)
                              /n64_toolchain/lib/gcc/mips64-elf/14.2.0/../../../../mips64-elf/lib/libdragon.a(debug.o) (cart_init)
/n64_toolchain/lib/gcc/mips64-elf/14.2.0/../../../../mips64-elf/lib/libdragon.a(ff.o)
                              /n64_toolchain/lib/gcc/mips64-elf/14.2.0/../../../../mips64-elf/lib/libdragon.a(debug.o) (f_mount)
/n64_toolchain/lib/gcc/mips64-elf/14.2.0/../../../../mips64-elf/lib/libdragon.a(ffunicode.o)
                              /n64_toolchain/lib/gcc/mips64-elf/14.2.0/../../../../mips64-elf/lib/libdragon.a(ff.o) (ff_uni2oem)
/n64_toolchain/lib/gcc/mips64-elf/14.2.0/../../../../mips64-elf/lib/libdragon.a(dragonfs.o)
                              build/main.o (dfs_open)
/n64_toolchain/lib/gcc/mips64-elf/14.2.0/../../../../mips64-elf/lib/libdragon.a(display.o)
                              build/main.o (display_init)
/n64_toolchain/lib/gcc/mips64-elf/14.2.0/../../../../mips64-elf/lib/libdragon.a(surface.o)
                              /n64_toolchain/lib/gcc/mips64-elf/14.2.0/../../../../mips64-elf/lib/libdragon.a(display.o) (surface_alloc)
/n64_toolchain/lib/gcc/mips64-elf/14.2.0/../../../../mips64-elf/lib/libdragon.a(console.o)
                              build/main.o (console_init)
/n64_toolchain/lib/gcc/mips64-elf/14.2.0/../../../../mips64-elf/lib/libdragon.a(graphics.o)
                              build/main.o (graphics_make_color)
/n64_toolchain/lib/gcc/mips64-elf/14.2.0/../../../../mips64-elf/lib/libdragon.a(rsp.o)
                              /n64_toolchain/lib/gcc/mips64-elf/14.2.0/../../../../mips64-elf/lib/libdragon.a(display.o) (__rsp_crash)
/n64_toolchain/lib/gcc/mips64-elf/14.2.0/../../../../mips64-elf/lib/libdragon.a(rsp_crash.o)
                              /n64_toolchain/lib/gcc/mips64-elf/14.2.0/../../../../mips64-elf/lib/libdragon.a(rsp.o) (rsp_crash_data_start)
/n64_toolchain/lib/gcc/mips64-elf/14.2.0/../../../../mips64-elf/lib/libdragon.a(inspector.o)
                              /n64_toolchain/lib/gcc/mips64-elf/14.2.0/../../../../mips64-elf/lib/libdragon.a(debug.o) (__inspector_assertion)
/n64_toolchain/lib/gcc/mips64-elf/14.2.0/../../../../mips64-elf/lib/libdragon.a(sprite.o)
                              /n64_toolchain/lib/gcc/mips64-elf/14.2.0/../../../../mips64-elf/lib/libdragon.a(graphics.o) (__sprite_upgrade)
/n64_toolchain/lib/gcc/mips64-elf/14.2.0/../../../../mips64-elf/lib/libdragon.a(dma.o)
                              /n64_toolchain/lib/gcc/mips64-elf/14.2.0/../../../../mips64-elf/lib/libdragon.a(debug.o) (io_accessible)
/n64_toolchain/lib/gcc/mips64-elf/14.2.0/../../../../mips64-elf/lib/libdragon.a(exception.o)
                              /n64_toolchain/lib/gcc/mips64-elf/14.2.0/../../../../mips64-elf/lib/libdragon.a(inspector.o) (__exception_dump_header)
/n64_toolchain/lib/gcc/mips64-elf/14.2.0/../../../../mips64-elf/lib/libdragon.a(do_ctors.o)
                              /n64_toolchain/lib/gcc/mips64-elf/14.2.0/../../../../mips64-elf/lib/libdragon.a(entrypoint.o) (__wrap___do_global_ctors)
/n64_toolchain/lib/gcc/mips64-elf/14.2.0/../../../../mips64-elf/lib/libdragon.a(dlfcn.o)
                              /n64_toolchain/lib/gcc/mips64-elf/14.2.0/../../../../mips64-elf/lib/libdragon.a(inspector.o) (__dl_list_head)
/n64_toolchain/lib/gcc/mips64-elf/14.2.0/../../../../mips64-elf/lib/libdragon.a(controller.o)
                              /n64_toolchain/lib/gcc/mips64-elf/14.2.0/../../../../mips64-elf/lib/libdragon.a(inspector.o) (controller_read)
/n64_toolchain/lib/gcc/mips64-elf/14.2.0/../../../../mips64-elf/lib/libdragon.a(joybus_accessory.o)
                              /n64_toolchain/lib/gcc/mips64-elf/14.2.0/../../../../mips64-elf/lib/libdragon.a(controller.o) (joybus_accessory_read)
/n64_toolchain/lib/gcc/mips64-elf/14.2.0/../../../../mips64-elf/lib/libdragon.a(joybus.o)
[...]
Memory Configuration

Name             Origin             Length             Attributes
*default*        0x00000000         0xffffffff

Linker script and memory map

LOAD /n64_toolchain/lib/gcc/mips64-elf/14.2.0/crti.o
LOAD /n64_toolchain/lib/gcc/mips64-elf/14.2.0/crtbegin.o
LOAD build/main.o
LOAD build/jello.o
LOAD /n64_toolchain/lib/gcc/mips64-elf/14.2.0/../../../../mips64-elf/lib/libdragon.a
LOAD /n64_toolchain/lib/gcc/mips64-elf/14.2.0/../../../../mips64-elf/lib/libm.a
LOAD /n64_toolchain/lib/gcc/mips64-elf/14.2.0/../../../../mips64-elf/lib/libdragonsys.a

.intvectors     0x80000000      0x188
                0x80000000                        . = ALIGN (0x20)
 *(.intvectors)
 .intvectors    0x80000000      0x188 /n64_toolchain/lib/gcc/mips64-elf/14.2.0/../../../../mips64-elf/lib/libdragon.a(inthandler.o)
                0x80000188                        __intvectors_end = .

.text           0x80000400    0x1e750
                0x80000400                        __text_start = .
 *(.boot)
 .boot          0x80000400       0x68 /n64_toolchain/lib/gcc/mips64-elf/14.2.0/../../../../mips64-elf/lib/libdragon.a(entrypoint.o)
                0x80000400                _start
                0x80000470                        . = ALIGN (0x10)
 *fill*         0x80000468        0x8 
 *(.text)
 *fill*         0x80000470       0x10 
 .text          0x80000480      0x380 /n64_toolchain/lib/gcc/mips64-elf/14.2.0/../../../../mips64-elf/lib/libdragon.a(inthandler.o)
                0x80000480                inthandler
                0x80000800                inthandler_end
 .text          0x80000800     0x2a08 /n64_toolchain/lib/gcc/mips64-elf/14.2.0/../../../../mips64-elf/lib/libc.a(libc_a-vfprintf.o)
                0x80000800                _vfprintf_r
                0x800030f0                vfprintf
 .text          0x80003208      0x11c /n64_toolchain/lib/gcc/mips64-elf/14.2.0/../../../../mips64-elf/lib/libc.a(libc_a-memset.o)
                0x80003208                memset
 *fill*         0x80003324        0x4 
 .text          0x80003328      0x188 /n64_toolchain/lib/gcc/mips64-elf/14.2.0/../../../../mips64-elf/lib/libc.a(libc_a-strchr.o)
                0x80003328                strchr
 .text          0x800034b0     0x2718 /n64_toolchain/lib/gcc/mips64-elf/14.2.0/../../../../mips64-elf/lib/libc.a(libc_a-svfprintf.o)
                0x800034b0                _svfprintf_r
 .text          0x80005bc8      0xbb8 /n64_toolchain/lib/gcc/mips64-elf/14.2.0/../../../../mips64-elf/lib/libc.a(libc_a-strstr.o)
                0x80006480                strstr
 .text          0x80006780       0x30 /n64_toolchain/lib/gcc/mips64-elf/14.2.0/../../../../mips64-elf/lib/libc.a(libc_a-vprintf.o)
                0x80006780                vprintf
                0x80006798                _vprintf_r
 .text          0x800067b0       0x50 /n64_toolchain/lib/gcc/mips64-elf/14.2.0/../../../../mips64-elf/lib/libc.a(libc_a-lock.o)
                0x800067b0                __retarget_lock_init
                0x800067b8                __retarget_lock_init_recursive
                0x800067c0                __retarget_lock_close
                0x800067c8                __retarget_lock_close_recursive
                0x800067d0                __retarget_lock_acquire
                0x800067d8                __retarget_lock_acquire_recursive
                0x800067e0                __retarget_lock_try_acquire
                0x800067e8                __retarget_lock_try_acquire_recursive
                0x800067f0                __retarget_lock_release
                0x800067f8                __retarget_lock_release_recursive
 .text          0x80006800      0x458 /n64_toolchain/lib/gcc/mips64-elf/14.2.0/../../../../mips64-elf/lib/libc.a(libc_a-fflush.o)
                0x80006800                __sflush_r
                0x80006a58                _fflush_r
                0x80006b60                fflush
 .text          0x80006c58      0x2f0 /n64_toolchain/lib/gcc/mips64-elf/14.2.0/../../../../mips64-elf/lib/libc.a(libc_a-setvbuf.o)
                0x80006c58                setvbuf
 .text          0x80006f48      0x168 /n64_toolchain/lib/gcc/mips64-elf/14.2.0/../../../../mips64-elf/lib/libc.a(libc_a-memmove.o)
                0x80006f48                memmove
 .text          0x800070b0        0x8 /n64_toolchain/lib/gcc/mips64-elf/14.2.0/../../../../mips64-elf/lib/libc.a(libc_a-errno.o)
                0x800070b0                __errno
 .text          0x800070b8      0x240 /n64_toolchain/lib/gcc/mips64-elf/14.2.0/../../../../mips64-elf/lib/libc.a(libc_a-strcmp.o)
                0x800070b8                strcmp
 .text          0x800072f8       0x18 /n64_toolchain/lib/gcc/mips64-elf/14.2.0/../../../../mips64-elf/lib/libc.a(libc_a-abort.o)
                0x800072f8                abort
 .text          0x80007310      0x120 /n64_toolchain/lib/gcc/mips64-elf/14.2.0/../../../../mips64-elf/lib/libc.a(libc_a-callocr.o)
                0x80007310                _calloc_r
 .text          0x80007430      0x190 /n64_toolchain/lib/gcc/mips64-elf/14.2.0/../../../../mips64-elf/lib/libc.a(libc_a-fputc.o)
                0x80007430                _fputc_r
                0x800074f8                fputc
 .text          0x800075c0      0x8c8 /n64_toolchain/lib/gcc/mips64-elf/14.2.0/../../../../mips64-elf/lib/libc.a(libc_a-mallocr.o)
                0x800075c0                _malloc_r
 .text          0x80007e88       0x20 /n64_toolchain/lib/gcc/mips64-elf/14.2.0/../../../../mips64-elf/lib/libc.a(libc_a-putchar.o)
                0x80007e88                _putchar_r
                0x80007e90                putchar
 .text          0x80007ea8       0x98 /n64_toolchain/lib/gcc/mips64-elf/14.2.0/../../../../mips64-elf/lib/libc.a(libc_a-strcat.o)
                0x80007ea8                strcat
 .text          0x80007f40     0x1810 /n64_toolchain/lib/gcc/mips64-elf/14.2.0/../../../../mips64-elf/lib/libc.a(libc_a-dtoa.o)
                0x80008190                _dtoa_r
 .text          0x80009750      0x1e0 /n64_toolchain/lib/gcc/mips64-elf/14.2.0/../../../../mips64-elf/lib/libc.a(libc_a-wsetup.o)
                0x80009750                __swsetup_r
 .text          0x80009930      0x470 /n64_toolchain/lib/gcc/mips64-elf/14.2.0/../../../../mips64-elf/lib/libc.a(libc_a-freer.o)
                0x80009930                _malloc_trim_r
                0x80009a70                _free_r
 .text          0x80009da0       0x80 /n64_toolchain/lib/gcc/mips64-elf/14.2.0/../../../../mips64-elf/lib/libc.a(libc_a-memcmp.o)
                0x80009da0                memcmp
 .text          0x80009e20       0x70 /n64_toolchain/lib/gcc/mips64-elf/14.2.0/../../../../mips64-elf/lib/libc.a(libc_a-strrchr.o)
                0x80009e20                strrchr
 .text          0x80009e90      0x1c8 /n64_toolchain/lib/gcc/mips64-elf/14.2.0/../../../../mips64-elf/lib/libc.a(libc_a-snprintf.o)
                0x80009e90                _snprintf_r
                0x80009f70                snprintf
 .text          0x8000a058       0xa8 /n64_toolchain/lib/gcc/mips64-elf/14.2.0/../../../../mips64-elf/lib/libc.a(libc_a-strcpy.o)
                0x8000a058                strcpy
 .text          0x8000a100       0x20 /n64_toolchain/lib/gcc/mips64-elf/14.2.0/../../../../mips64-elf/lib/libc.a(libc_a-malloc.o)
                0x8000a100                malloc
                0x8000a110                free
 .text          0x8000a120      0x240 /n64_toolchain/lib/gcc/mips64-elf/14.2.0/../../../../mips64-elf/lib/libc.a(libc_a-putc.o)
                0x8000a120                _putc_r
                0x8000a230                putc
 .text          0x8000a360      0x190 /n64_toolchain/lib/gcc/mips64-elf/14.2.0/../../../../mips64-elf/lib/libc.a(libc_a-stdio.o)
                0x8000a360                __sread
                0x8000a3b8                __seofread
                0x8000a3c0                __swrite
                0x8000a480                __sseek
                0x8000a4e8                __sclose
 .text          0x8000a4f0       0x68 /n64_toolchain/lib/gcc/mips64-elf/14.2.0/../../../../mips64-elf/lib/libc.a(libc_a-fprintf.o)
                0x8000a4f0                _fprintf_r
                0x8000a518                fprintf
 .text          0x8000a558       0x18 /n64_toolchain/lib/gcc/mips64-elf/14.2.0/../../../../mips64-elf/lib/libc.a(libc_a-strlen.o)
                0x8000a558                strlen
 .text          0x8000a570      0x1d0 /n64_toolchain/lib/gcc/mips64-elf/14.2.0/../../../../mips64-elf/lib/libc.a(libc_a-wbuf.o)
                0x8000a570                __swbuf_r
                0x8000a728                __swbuf
 .text          0x8000a740      0x600 /n64_toolchain/lib/gcc/mips64-elf/14.2.0/../../../../mips64-elf/lib/libc.a(libc_a-reallocr.o)
                0x8000a740                _realloc_r
 .text          0x8000ad40       0x60 /n64_toolchain/lib/gcc/mips64-elf/14.2.0/../../../../mips64-elf/lib/libc.a(libc_a-writer.o)
                0x8000ad40                _write_r
 .text          0x8000ada0      0x250 /n64_toolchain/lib/gcc/mips64-elf/14.2.0/../../../../mips64-elf/lib/libc.a(libc_a-fwrite.o)
                0x8000ada0                _fwrite_r
                0x8000afc0                fwrite
 .text          0x8000aff0       0x20 /n64_toolchain/lib/gcc/mips64-elf/14.2.0/../../../../mips64-elf/lib/libc.a(libc_a-mlock.o)
                0x8000aff0                __malloc_lock
                0x8000b000                __malloc_unlock
 .text          0x8000b010      0x510 /n64_toolchain/lib/gcc/mips64-elf/14.2.0/../../../../mips64-elf/lib/libc.a(libc_a-findfp.o)
                0x8000b2a8                __sfp
                0x8000b418                __sinit
                0x8000b490                __sfp_lock_acquire
                0x8000b4a0                __sfp_lock_release
                0x8000b4b0                __fp_lock_all
                0x8000b4e8                __fp_unlock_all
 .text          0x8000b520      0x1a8 /n64_toolchain/lib/gcc/mips64-elf/14.2.0/../../../../mips64-elf/lib/libc.a(libc_a-puts.o)
                0x8000b520                _puts_r
                0x8000b6b8                puts
 .text          0x8000b6c8      0x508 /n64_toolchain/lib/gcc/mips64-elf/14.2.0/../../../../mips64-elf/lib/libc.a(libc_a-fvwrite.o)
                0x8000b6c8                __sfvwrite_r
 .text          0x8000bbd0       0xf0 /n64_toolchain/lib/gcc/mips64-elf/14.2.0/../../../../mips64-elf/lib/libc.a(libc_a-memchr.o)
                0x8000bbd0                memchr
 .text          0x8000bcc0       0xc8 /n64_toolchain/lib/gcc/mips64-elf/14.2.0/../../../../mips64-elf/lib/libc.a(libc_a-ssprint_r.o)
                0x8000bcc0                __ssprint_r
 .text          0x8000bd88      0x370 /n64_toolchain/lib/gcc/mips64-elf/14.2.0/../../../../mips64-elf/lib/libc.a(libc_a-memcpy.o)
                0x8000bd88                memcpy
 .text          0x8000c0f8       0xe0 /n64_toolchain/lib/gcc/mips64-elf/14.2.0/../../../../mips64-elf/lib/libc.a(libc_a-sprintf.o)
                0x8000c0f8                _sprintf_r
                0x8000c160                sprintf
 .text          0x8000c1d8       0x40 /n64_toolchain/lib/gcc/mips64-elf/14.2.0/../../../../mips64-elf/lib/libc.a(libc_a-strnlen.o)
                0x8000c1d8                strnlen
 .text          0x8000c218       0x78 /n64_toolchain/lib/gcc/mips64-elf/14.2.0/../../../../mips64-elf/lib/libc.a(libc_a-printf.o)
                0x8000c218                _printf_r
                0x8000c250                printf
 .text          0x8000c290       0x50 /n64_toolchain/lib/gcc/mips64-elf/14.2.0/../../../../mips64-elf/lib/libc.a(libc_a-sbrkr.o)
                0x8000c290                _sbrk_r
 .text          0x8000c2e0       0x50 /n64_toolchain/lib/gcc/mips64-elf/14.2.0/../../../../mips64-elf/lib/libc.a(libc_a-closer.o)
                0x8000c2e0                _close_r
 .text          0x8000c330       0x18 /n64_toolchain/lib/gcc/mips64-elf/14.2.0/../../../../mips64-elf/lib/libc.a(libc_a-malign.o)
                0x8000c330                memalign
 .text          0x8000c348      0x598 /n64_toolchain/lib/gcc/mips64-elf/14.2.0/../../../../mips64-elf/lib/libc.a(libc_a-signal.o)
                0x8000c348                _init_signal_r
                0x8000c3b0                _signal_r
                0x8000c460                _raise_r
                0x8000c518                __sigtramp_r
                0x8000c608                raise
                0x8000c6d0                signal
                0x8000c788                _init_signal
                0x8000c7f8                __sigtramp
 .text          0x8000c8e0       0x40 /n64_toolchain/lib/gcc/mips64-elf/14.2.0/../../../../mips64-elf/lib/libc.a(libc_a-sprint_r.o)
                0x8000c8e0                __sprint_r
 .text          0x8000c920     0x1480 /n64_toolchain/lib/gcc/mips64-elf/14.2.0/../../../../mips64-elf/lib/libc.a(libc_a-mprec.o)
                0x8000c920                _Balloc
                0x8000c9d0                _Bfree
                0x8000ca00                __multadd
                0x8000cb58                __s2b
                0x8000ccd8                __hi0bits
                0x8000cd80                __lo0bits
                0x8000ce98                __i2b
                0x8000cf70                __multiply
                0x8000d1f8                __pow5mult
                0x8000d360                __lshift
                0x8000d518                __mcmp
                0x8000d580                __mdiff
                0x8000d7f8                __ulp
                0x8000d8a8                __b2d
                0x8000da40                __d2b
                0x8000db98                __ratio
                0x8000dc58                _mprec_log10
                0x8000dc98                __copybits
                0x8000dd20                __any_on
 .text          0x8000dda0       0xc0 /n64_toolchain/lib/gcc/mips64-elf/14.2.0/../../../../mips64-elf/lib/libc.a(libc_a-fwalk.o)
                0x8000dda0                _fwalk_sglue
 .text          0x8000de60       0x28 /n64_toolchain/lib/gcc/mips64-elf/14.2.0/../../../../mips64-elf/lib/libc.a(libc_a-localeconv.o)
                0x8000de60                __localeconv_l
                0x8000de68                _localeconv_r
                0x8000de78                localeconv
 .text          0x8000de88      0x230 /n64_toolchain/lib/gcc/mips64-elf/14.2.0/../../../../mips64-elf/lib/libc.a(libc_a-makebuf.o)
                0x8000de88                __smakebuf_r
                0x8000e008                __swhatbuf_r
 .text          0x8000e0b8       0x60 /n64_toolchain/lib/gcc/mips64-elf/14.2.0/../../../../mips64-elf/lib/libc.a(libc_a-signalr.o)
                0x8000e0b8                _kill_r
                0x8000e110                _getpid_r
 .text          0x8000e118       0x70 /n64_toolchain/lib/gcc/mips64-elf/14.2.0/../../../../mips64-elf/lib/libc.a(libc_a-mbtowc_r.o)
                0x8000e118                _mbtowc_r
                0x8000e128                __ascii_mbtowc
 .text          0x8000e188      0x188 /n64_toolchain/lib/gcc/mips64-elf/14.2.0/../../../../mips64-elf/lib/libc.a(libc_a-ssputs_r.o)
                0x8000e188                __ssputs_r
 .text          0x8000e310       0x60 /n64_toolchain/lib/gcc/mips64-elf/14.2.0/../../../../mips64-elf/lib/libc.a(libc_a-readr.o)
                0x8000e310                _read_r
 .text          0x8000e370      0x200 /n64_toolchain/lib/gcc/mips64-elf/14.2.0/../../../../mips64-elf/lib/libc.a(libc_a-malignr.o)
                0x8000e370                _memalign_r
 .text          0x8000e570      0x1b0 /n64_toolchain/lib/gcc/mips64-elf/14.2.0/../../../../mips64-elf/lib/libc.a(libc_a-fclose.o)
                0x8000e570                _fclose_r
                0x8000e710                fclose
 .text          0x8000e720       0x48 /n64_toolchain/lib/gcc/mips64-elf/14.2.0/../../../../mips64-elf/lib/libc.a(libc_a-wctomb_r.o)
                0x8000e720                _wctomb_r
                0x8000e730                __ascii_wctomb
 .text          0x8000e768       0x60 /n64_toolchain/lib/gcc/mips64-elf/14.2.0/../../../../mips64-elf/lib/libc.a(libc_a-lseekr.o)
                0x8000e768                _lseek_r
 .text          0x8000e7c8       0x58 /n64_toolchain/lib/gcc/mips64-elf/14.2.0/../../../../mips64-elf/lib/libc.a(libc_a-fstatr.o)
                0x8000e7c8                _fstat_r
 .text          0x8000e820       0x50 /n64_toolchain/lib/gcc/mips64-elf/14.2.0/../../../../mips64-elf/lib/libc.a(libc_a-isattyr.o)
                0x8000e820                _isatty_r
 *(.text.*)
 *fill*         0x8000e870       0x10 
 .text.draw_start_screen
                0x8000e880       0xa0 build/main.o
                0x8000e880                draw_start_screen
 .text.draw_choose_sprite
                0x8000e920      0x120 build/main.o
                0x8000e920                draw_choose_sprite
 .text.draw_dress_up
                0x8000ea40      0x220 build/main.o
                0x8000ea40                draw_dress_up
 .text.startup.main
                0x8000ec60      0x8e0 build/main.o
                0x8000ec60                main
 .text.data_cache_hit_writeback
                0x8000f540       0x60 /n64_toolchain/lib/gcc/mips64-elf/14.2.0/../../../../mips64-elf/lib/libdragon.a(n64sys.o)
                0x8000f540                data_cache_hit_writeback
 .text.data_cache_hit_invalidate
                0x8000f5a0       0x80 /n64_toolchain/lib/gcc/mips64-elf/14.2.0/../../../../mips64-elf/lib/libdragon.a(n64sys.o)
                0x8000f5a0                data_cache_hit_invalidate
 .text.data_cache_hit_writeback_invalidate
                0x8000f620       0x60 /n64_toolchain/lib/gcc/mips64-elf/14.2.0/../../../../mips64-elf/lib/libdragon.a(n64sys.o)
                0x8000f620                data_cache_hit_writeback_invalidate
 .text.inst_cache_hit_invalidate
                0x8000f680       0x60 /n64_toolchain/lib/gcc/mips64-elf/14.2.0/../../../../mips64-elf/lib/libdragon.a(n64sys.o)
                0x8000f680                inst_cache_hit_invalidate
 .text.malloc_uncached_aligned
                0x8000f6e0       0x80 /n64_toolchain/lib/gcc/mips64-elf/14.2.0/../../../../mips64-elf/lib/libdragon.a(n64sys.o)
                0x8000f6e0                malloc_uncached_aligned
 .text.free_uncached
                0x8000f760       0x20 /n64_toolchain/lib/gcc/mips64-elf/14.2.0/../../../../mips64-elf/lib/libdragon.a(n64sys.o)
                0x8000f760                free_uncached
 .text.get_ticks
                0x8000f780       0x40 /n64_toolchain/lib/gcc/mips64-elf/14.2.0/../../../../mips64-elf/lib/libdragon.a(n64sys.o)
                0x8000f780                get_ticks
 .text.wait_ms  0x8000f7c0       0x40 /n64_toolchain/lib/gcc/mips64-elf/14.2.0/../../../../mips64-elf/lib/libdragon.a(n64sys.o)
                0x8000f7c0                wait_ms
 .text.startup.__init_cop1
                0x8000f800       0x40 /n64_toolchain/lib/gcc/mips64-elf/14.2.0/../../../../mips64-elf/lib/libdragon.a(n64sys.o)
                0x8000f800                __init_cop1
 .text.__MI_handler
                0x8000f840      0x220 /n64_toolchain/lib/gcc/mips64-elf/14.2.0/../../../../mips64-elf/lib/libdragon.a(interrupt.o)
                0x8000f840                __MI_handler
 .text.__MI_BB_handler
                0x8000fa60      0x2c0 /n64_toolchain/lib/gcc/mips64-elf/14.2.0/../../../../mips64-elf/lib/libdragon.a(interrupt.o)
                0x8000fa60                __MI_BB_handler
 .text.__TI_handler
                0x8000fd20       0x60 /n64_toolchain/lib/gcc/mips64-elf/14.2.0/../../../../mips64-elf/lib/libdragon.a(interrupt.o)
                0x8000fd20                __TI_handler
 .text.__CART_handler
                0x8000fd80       0xe0 /n64_toolchain/lib/gcc/mips64-elf/14.2.0/../../../../mips64-elf/lib/libdragon.a(interrupt.o)
                0x8000fd80                __CART_handler
 .text.__RESET_handler
                0x8000fe60       0x60 /n64_toolchain/lib/gcc/mips64-elf/14.2.0/../../../../mips64-elf/lib/libdragon.a(interrupt.o)
                0x8000fe60                __RESET_handler
 .text.register_VI_handler
                0x8000fec0       0x60 /n64_toolchain/lib/gcc/mips64-elf/14.2.0/../../../../mips64-elf/lib/libdragon.a(interrupt.o)
                0x8000fec0                register_VI_handler
 .text.unregister_VI_handler
                0x8000ff20       0x60 /n64_toolchain/lib/gcc/mips64-elf/14.2.0/../../../../mips64-elf/lib/libdragon.a(interrupt.o)
                0x8000ff20                unregister_VI_handler
 .text.register_SI_handler
                0x8000ff80       0x60 /n64_toolchain/lib/gcc/mips64-elf/14.2.0/../../../../mips64-elf/lib/libdragon.a(interrupt.o)
                0x8000ff80                register_SI_handler
 .text.register_TI_handler
                0x8000ffe0       0x60 /n64_toolchain/lib/gcc/mips64-elf/14.2.0/../../../../mips64-elf/lib/libdragon.a(interrupt.o)
                0x8000ffe0                register_TI_handler
 .text.register_RESET_handler
                0x80010040       0x80 /n64_toolchain/lib/gcc/mips64-elf/14.2.0/../../../../mips64-elf/lib/libdragon.a(interrupt.o)
                0x80010040                register_RESET_handler
 .text.set_VI_interrupt
                0x800100c0       0x40 /n64_toolchain/lib/gcc/mips64-elf/14.2.0/../../../../mips64-elf/lib/libdragon.a(interrupt.o)
                0x800100c0                set_VI_interrupt
 .text.set_SI_interrupt
                0x80010100       0x20 /n64_toolchain/lib/gcc/mips64-elf/14.2.0/../../../../mips64-elf/lib/libdragon.a(interrupt.o)
                0x80010100                set_SI_interrupt
 .text.set_TI_interrupt
                0x80010120       0x40 /n64_toolchain/lib/gcc/mips64-elf/14.2.0/../../../../mips64-elf/lib/libdragon.a(interrupt.o)
                0x80010120                set_TI_interrupt
 .text.startup.__init_interrupts
                0x80010160       0x60 /n64_toolchain/lib/gcc/mips64-elf/14.2.0/../../../../mips64-elf/lib/libdragon.a(interrupt.o)
                0x80010160                __init_interrupts
 .text.disable_interrupts
                0x800101c0       0x40 /n64_toolchain/lib/gcc/mips64-elf/14.2.0/../../../../mips64-elf/lib/libdragon.a(interrupt.o)
                0x800101c0                disable_interrupts
 .text.enable_interrupts
                0x80010200       0x80 /n64_toolchain/lib/gcc/mips64-elf/14.2.0/../../../../mips64-elf/lib/libdragon.a(interrupt.o)
                0x80010200                enable_interrupts
 .text.exception_reset_time
                0x80010280       0x20 /n64_toolchain/lib/gcc/mips64-elf/14.2.0/../../../../mips64-elf/lib/libdragon.a(interrupt.o)
                0x80010280                exception_reset_time
 .text.__stderr_write
                0x800102a0       0x80 /n64_toolchain/lib/gcc/mips64-elf/14.2.0/../../../../mips64-elf/lib/libdragon.a(debug.o)
 .text.usblog_write
                0x80010320       0x20 /n64_toolchain/lib/gcc/mips64-elf/14.2.0/../../../../mips64-elf/lib/libdragon.a(debug.o)
 .text.cb.0     0x80010340       0xa0 /n64_toolchain/lib/gcc/mips64-elf/14.2.0/../../../../mips64-elf/lib/libdragon.a(debug.o)
 .text.debug_init_usblog
                0x800103e0       0xe0 /n64_toolchain/lib/gcc/mips64-elf/14.2.0/../../../../mips64-elf/lib/libdragon.a(debug.o)
                0x800103e0                debug_init_usblog
 .text.debug_assert_func_f
                0x800104c0       0xe0 /n64_toolchain/lib/gcc/mips64-elf/14.2.0/../../../../mips64-elf/lib/libdragon.a(debug.o)
                0x800104c0                debug_assert_func_f
 .text.debug_assert_func
                0x800105a0       0x20 /n64_toolchain/lib/gcc/mips64-elf/14.2.0/../../../../mips64-elf/lib/libdragon.a(debug.o)
                0x800105a0                debug_assert_func
 .text.debug_hexdump
                0x800105c0      0x280 /n64_toolchain/lib/gcc/mips64-elf/14.2.0/../../../../mips64-elf/lib/libdragon.a(debug.o)
                0x800105c0                debug_hexdump
 .text.__debug_backtrace
                0x80010840      0x120 /n64_toolchain/lib/gcc/mips64-elf/14.2.0/../../../../mips64-elf/lib/libdragon.a(debug.o)
                0x80010840                __debug_backtrace
 .text.debug_backtrace
                0x80010960       0x20 /n64_toolchain/lib/gcc/mips64-elf/14.2.0/../../../../mips64-elf/lib/libdragon.a(debug.o)
                0x80010960                debug_backtrace
 .text.usb_64drive_read
                0x80010980       0x60 /n64_toolchain/lib/gcc/mips64-elf/14.2.0/../../../../mips64-elf/lib/libdragon.a(usb.o)
 .text.usb_64drive_poll
                0x800109e0      0x1a0 /n64_toolchain/lib/gcc/mips64-elf/14.2.0/../../../../mips64-elf/lib/libdragon.a(usb.o)
 .text.usb_everdrive_usbbusy
                0x80010b80       0xe0 /n64_toolchain/lib/gcc/mips64-elf/14.2.0/../../../../mips64-elf/lib/libdragon.a(usb.o)
 .text.usb_everdrive_readusb
                0x80010c60       0xc0 /n64_toolchain/lib/gcc/mips64-elf/14.2.0/../../../../mips64-elf/lib/libdragon.a(usb.o)
 .text.usb_everdrive_poll
                0x80010d20      0x220 /n64_toolchain/lib/gcc/mips64-elf/14.2.0/../../../../mips64-elf/lib/libdragon.a(usb.o)
 .text.usb_everdrive_write
                0x80010f40      0x1c0 /n64_toolchain/lib/gcc/mips64-elf/14.2.0/../../../../mips64-elf/lib/libdragon.a(usb.o)
 .text.usb_everdrive_read
                0x80011100       0x60 /n64_toolchain/lib/gcc/mips64-elf/14.2.0/../../../../mips64-elf/lib/libdragon.a(usb.o)
 .text.usb_sc64_read
                0x80011160       0x60 /n64_toolchain/lib/gcc/mips64-elf/14.2.0/../../../../mips64-elf/lib/libdragon.a(usb.o)
 .text.usb_sc64_poll
                0x800111c0      0x160 /n64_toolchain/lib/gcc/mips64-elf/14.2.0/../../../../mips64-elf/lib/libdragon.a(usb.o)
 .text.usb_write
                0x80011320       0x40 /n64_toolchain/lib/gcc/mips64-elf/14.2.0/../../../../mips64-elf/lib/libdragon.a(usb.o)
                0x80011320                usb_write
 .text.usb_sendheartbeat
                0x80011360       0x60 /n64_toolchain/lib/gcc/mips64-elf/14.2.0/../../../../mips64-elf/lib/libdragon.a(usb.o)
                0x80011360                usb_sendheartbeat
 .text.usb_initialize
                0x800113c0      0x1e0 /n64_toolchain/lib/gcc/mips64-elf/14.2.0/../../../../mips64-elf/lib/libdragon.a(usb.o)
                0x800113c0                usb_initialize
 .text.usb_64drive_wait
                0x800115a0       0xc0 /n64_toolchain/lib/gcc/mips64-elf/14.2.0/../../../../mips64-elf/lib/libdragon.a(usb.o)
                0x800115a0                usb_64drive_wait
 .text.usb_64drive_write
                0x80011660      0x240 /n64_toolchain/lib/gcc/mips64-elf/14.2.0/../../../../mips64-elf/lib/libdragon.a(usb.o)
 .text.usb_sc64_execute_cmd
                0x800118a0       0xc0 /n64_toolchain/lib/gcc/mips64-elf/14.2.0/../../../../mips64-elf/lib/libdragon.a(usb.o)
                0x800118a0                usb_sc64_execute_cmd
 .text.usb_sc64_write
                0x80011960      0x2c0 /n64_toolchain/lib/gcc/mips64-elf/14.2.0/../../../../mips64-elf/lib/libdragon.a(usb.o)
 .text.get_next_token
                0x80011c20       0xc0 /n64_toolchain/lib/gcc/mips64-elf/14.2.0/../../../../mips64-elf/lib/libdragon.a(dragonfs.o)
 .text.__fstat  0x80011ce0       0x40 /n64_toolchain/lib/gcc/mips64-elf/14.2.0/../../../../mips64-elf/lib/libdragon.a(dragonfs.o)
 .text.lookup_file
                0x80011d20      0x260 /n64_toolchain/lib/gcc/mips64-elf/14.2.0/../../../../mips64-elf/lib/libdragon.a(dragonfs.o)
 .text.__close  0x80011f80       0x40 /n64_toolchain/lib/gcc/mips64-elf/14.2.0/../../../../mips64-elf/lib/libdragon.a(dragonfs.o)
 .text.__ioctl  0x80011fc0       0x60 /n64_toolchain/lib/gcc/mips64-elf/14.2.0/../../../../mips64-elf/lib/libdragon.a(dragonfs.o)
 .text.recurse_path
                0x80012020      0x3e0 /n64_toolchain/lib/gcc/mips64-elf/14.2.0/../../../../mips64-elf/lib/libdragon.a(dragonfs.o)
 .text.__findnext
                0x80012400      0x100 /n64_toolchain/lib/gcc/mips64-elf/14.2.0/../../../../mips64-elf/lib/libdragon.a(dragonfs.o)
 .text.__dfs_findfirst
                0x80012500       0xe0 /n64_toolchain/lib/gcc/mips64-elf/14.2.0/../../../../mips64-elf/lib/libdragon.a(dragonfs.o)
 .text.__findfirst
                0x800125e0       0x60 /n64_toolchain/lib/gcc/mips64-elf/14.2.0/../../../../mips64-elf/lib/libdragon.a(dragonfs.o)
 .text.__lseek  0x80012640       0xa0 /n64_toolchain/lib/gcc/mips64-elf/14.2.0/../../../../mips64-elf/lib/libdragon.a(dragonfs.o)
 .text.dfs_open
                0x800126e0      0x1a0 /n64_toolchain/lib/gcc/mips64-elf/14.2.0/../../../../mips64-elf/lib/libdragon.a(dragonfs.o)
                0x800126e0                dfs_open
 .text.__open   0x80012880       0xc0 /n64_toolchain/lib/gcc/mips64-elf/14.2.0/../../../../mips64-elf/lib/libdragon.a(dragonfs.o)
 .text.dfs_close
                0x80012940       0x40 /n64_toolchain/lib/gcc/mips64-elf/14.2.0/../../../../mips64-elf/lib/libdragon.a(dragonfs.o)
                0x80012940                dfs_close
 .text.dfs_read
                0x80012980      0x1a0 /n64_toolchain/lib/gcc/mips64-elf/14.2.0/../../../../mips64-elf/lib/libdragon.a(dragonfs.o)
                0x80012980                dfs_read
 .text.__read   0x80012b20       0x20 /n64_toolchain/lib/gcc/mips64-elf/14.2.0/../../../../mips64-elf/lib/libdragon.a(dragonfs.o)
 .text.dfs_size
                0x80012b40       0x20 /n64_toolchain/lib/gcc/mips64-elf/14.2.0/../../../../mips64-elf/lib/libdragon.a(dragonfs.o)
                0x80012b40                dfs_size
 .text.dfs_init
                0x80012b60      0x220 /n64_toolchain/lib/gcc/mips64-elf/14.2.0/../../../../mips64-elf/lib/libdragon.a(dragonfs.o)
                0x80012b60                dfs_init
 .text.__display_callback
                0x80012d80      0x140 /n64_toolchain/lib/gcc/mips64-elf/14.2.0/../../../../mips64-elf/lib/libdragon.a(display.o)
 .text.display_show.part.0
                0x80012ec0      0x1a0 /n64_toolchain/lib/gcc/mips64-elf/14.2.0/../../../../mips64-elf/lib/libdragon.a(display.o)
 .text.display_init
                0x80013060      0x5c0 /n64_toolchain/lib/gcc/mips64-elf/14.2.0/../../../../mips64-elf/lib/libdragon.a(display.o)
                0x80013060                display_init
 .text.display_close
                0x80013620      0x100 /n64_toolchain/lib/gcc/mips64-elf/14.2.0/../../../../mips64-elf/lib/libdragon.a(display.o)
                0x80013620                display_close
 .text.display_try_get
                0x80013720       0xc0 /n64_toolchain/lib/gcc/mips64-elf/14.2.0/../../../../mips64-elf/lib/libdragon.a(display.o)
                0x80013720                display_try_get
 .text.display_get
                0x800137e0      0x100 /n64_toolchain/lib/gcc/mips64-elf/14.2.0/../../../../mips64-elf/lib/libdragon.a(display.o)
                0x800137e0                display_get
 .text.display_show
                0x800138e0       0x20 /n64_toolchain/lib/gcc/mips64-elf/14.2.0/../../../../mips64-elf/lib/libdragon.a(display.o)
                0x800138e0                display_show
 .text.display_show_force
                0x80013900       0x40 /n64_toolchain/lib/gcc/mips64-elf/14.2.0/../../../../mips64-elf/lib/libdragon.a(display.o)
                0x80013900                display_show_force
 .text.display_get_bitdepth
                0x80013940       0x20 /n64_toolchain/lib/gcc/mips64-elf/14.2.0/../../../../mips64-elf/lib/libdragon.a(display.o)
                0x80013940                display_get_bitdepth
 .text.surface_alloc
                0x80013960       0xe0 /n64_toolchain/lib/gcc/mips64-elf/14.2.0/../../../../mips64-elf/lib/libdragon.a(surface.o)
                0x80013960                surface_alloc
 .text.surface_free
                0x80013a40       0x80 /n64_toolchain/lib/gcc/mips64-elf/14.2.0/../../../../mips64-elf/lib/libdragon.a(surface.o)
                0x80013a40                surface_free
 .text.__console_render.part.0
                0x80013ac0      0x100 /n64_toolchain/lib/gcc/mips64-elf/14.2.0/../../../../mips64-elf/lib/libdragon.a(console.o)
 .text.__console_write
                0x80013bc0      0x320 /n64_toolchain/lib/gcc/mips64-elf/14.2.0/../../../../mips64-elf/lib/libdragon.a(console.o)
 .text.console_set_render_mode
                0x80013ee0       0x20 /n64_toolchain/lib/gcc/mips64-elf/14.2.0/../../../../mips64-elf/lib/libdragon.a(console.o)
                0x80013ee0                console_set_render_mode
 .text.console_init
                0x80013f00       0xe0 /n64_toolchain/lib/gcc/mips64-elf/14.2.0/../../../../mips64-elf/lib/libdragon.a(console.o)
                0x80013f00                console_init
 .text.console_render
                0x80013fe0       0x40 /n64_toolchain/lib/gcc/mips64-elf/14.2.0/../../../../mips64-elf/lib/libdragon.a(console.o)
                0x80013fe0                console_render
 .text.console_set_debug
                0x80014020       0x20 /n64_toolchain/lib/gcc/mips64-elf/14.2.0/../../../../mips64-elf/lib/libdragon.a(console.o)
                0x80014020                console_set_debug
 .text.graphics_draw_character.part.0
                0x80014040      0x4e0 /n64_toolchain/lib/gcc/mips64-elf/14.2.0/../../../../mips64-elf/lib/libdragon.a(graphics.o)
 .text.graphics_draw_sprite_trans_stride.part.0
                0x80014520      0x380 /n64_toolchain/lib/gcc/mips64-elf/14.2.0/../../../../mips64-elf/lib/libdragon.a(graphics.o)
 .text.graphics_make_color
                0x800148a0       0xc0 /n64_toolchain/lib/gcc/mips64-elf/14.2.0/../../../../mips64-elf/lib/libdragon.a(graphics.o)
                0x800148a0                graphics_make_color
 .text.graphics_set_color
                0x80014960       0x20 /n64_toolchain/lib/gcc/mips64-elf/14.2.0/../../../../mips64-elf/lib/libdragon.a(graphics.o)
                0x80014960                graphics_set_color
 .text.graphics_draw_box
                0x80014980      0x120 /n64_toolchain/lib/gcc/mips64-elf/14.2.0/../../../../mips64-elf/lib/libdragon.a(graphics.o)
                0x80014980                graphics_draw_box
 .text.graphics_fill_screen
                0x80014aa0       0x80 /n64_toolchain/lib/gcc/mips64-elf/14.2.0/../../../../mips64-elf/lib/libdragon.a(graphics.o)
                0x80014aa0                graphics_fill_screen
 .text.graphics_set_default_font
                0x80014b20       0x20 /n64_toolchain/lib/gcc/mips64-elf/14.2.0/../../../../mips64-elf/lib/libdragon.a(graphics.o)
                0x80014b20                graphics_set_default_font
 .text.graphics_draw_character
                0x80014b40       0x20 /n64_toolchain/lib/gcc/mips64-elf/14.2.0/../../../../mips64-elf/lib/libdragon.a(graphics.o)
                0x80014b40                graphics_draw_character
 .text.graphics_draw_text
                0x80014b60      0x120 /n64_toolchain/lib/gcc/mips64-elf/14.2.0/../../../../mips64-elf/lib/libdragon.a(graphics.o)
                0x80014b60                graphics_draw_text
 .text.graphics_draw_sprite_trans_stride
                0x80014c80       0x20 /n64_toolchain/lib/gcc/mips64-elf/14.2.0/../../../../mips64-elf/lib/libdragon.a(graphics.o)
                0x80014c80                graphics_draw_sprite_trans_stride
 .text.rsp_load_code
                0x80014ca0      0x100 /n64_toolchain/lib/gcc/mips64-elf/14.2.0/../../../../mips64-elf/lib/libdragon.a(rsp.o)
                0x80014ca0                rsp_load_code
 .text.rsp_load_data
                0x80014da0       0xe0 /n64_toolchain/lib/gcc/mips64-elf/14.2.0/../../../../mips64-elf/lib/libdragon.a(rsp.o)
                0x80014da0                rsp_load_data
 .text.rsp_read_code
                0x80014e80       0xe0 /n64_toolchain/lib/gcc/mips64-elf/14.2.0/../../../../mips64-elf/lib/libdragon.a(rsp.o)
                0x80014e80                rsp_read_code
 .text.rsp_read_data
                0x80014f60       0xe0 /n64_toolchain/lib/gcc/mips64-elf/14.2.0/../../../../mips64-elf/lib/libdragon.a(rsp.o)
                0x80014f60                rsp_read_data
 .text.__rsp_crash
                0x80015040      0xc40 /n64_toolchain/lib/gcc/mips64-elf/14.2.0/../../../../mips64-elf/lib/libdragon.a(rsp.o)
                0x80015040                __rsp_crash
 .text.__rsp_check_assert
                0x80015c80       0x80 /n64_toolchain/lib/gcc/mips64-elf/14.2.0/../../../../mips64-elf/lib/libdragon.a(rsp.o)
                0x80015c80                __rsp_check_assert
 .text.rsp_wait
                0x80015d00      0x100 /n64_toolchain/lib/gcc/mips64-elf/14.2.0/../../../../mips64-elf/lib/libdragon.a(rsp.o)
                0x80015d00                rsp_wait
 .text.rsp_run  0x80015e00       0x60 /n64_toolchain/lib/gcc/mips64-elf/14.2.0/../../../../mips64-elf/lib/libdragon.a(rsp.o)
                0x80015e00                rsp_run
 .text.cb.2     0x80015e60       0x60 /n64_toolchain/lib/gcc/mips64-elf/14.2.0/../../../../mips64-elf/lib/libdragon.a(inspector.o)
 .text.cb.1     0x80015ec0       0x60 /n64_toolchain/lib/gcc/mips64-elf/14.2.0/../../../../mips64-elf/lib/libdragon.a(inspector.o)
 .text.cb.0     0x80015f20      0x120 /n64_toolchain/lib/gcc/mips64-elf/14.2.0/../../../../mips64-elf/lib/libdragon.a(inspector.o)
 .text.cb.3     0x80016040      0x120 /n64_toolchain/lib/gcc/mips64-elf/14.2.0/../../../../mips64-elf/lib/libdragon.a(inspector.o)
 .text.inspector_stdout
                0x80016160      0x300 /n64_toolchain/lib/gcc/mips64-elf/14.2.0/../../../../mips64-elf/lib/libdragon.a(inspector.o)
 .text.title    0x80016460       0xa0 /n64_toolchain/lib/gcc/mips64-elf/14.2.0/../../../../mips64-elf/lib/libdragon.a(inspector.o)
 .text.mips_disasm
                0x80016500      0x6e0 /n64_toolchain/lib/gcc/mips64-elf/14.2.0/../../../../mips64-elf/lib/libdragon.a(inspector.o)
 .text.inspector
                0x80016be0      0xcc0 /n64_toolchain/lib/gcc/mips64-elf/14.2.0/../../../../mips64-elf/lib/libdragon.a(inspector.o)
 .text.handler.4
                0x800178a0       0x40 /n64_toolchain/lib/gcc/mips64-elf/14.2.0/../../../../mips64-elf/lib/libdragon.a(inspector.o)
 .text.__inspector_exception
                0x800178e0       0x20 /n64_toolchain/lib/gcc/mips64-elf/14.2.0/../../../../mips64-elf/lib/libdragon.a(inspector.o)
                0x800178e0                __inspector_exception
 .text.__inspector_assertion
                0x80017900       0x20 /n64_toolchain/lib/gcc/mips64-elf/14.2.0/../../../../mips64-elf/lib/libdragon.a(inspector.o)
                0x80017900                __inspector_assertion
 .text.startup.__inspector_init
                0x80017920       0x20 /n64_toolchain/lib/gcc/mips64-elf/14.2.0/../../../../mips64-elf/lib/libdragon.a(inspector.o)
                0x80017920                __inspector_init
 .text.__sprite_upgrade.part.0
                0x80017940       0x40 /n64_toolchain/lib/gcc/mips64-elf/14.2.0/../../../../mips64-elf/lib/libdragon.a(sprite.o)
 .text.__sprite_upgrade
                0x80017980       0x80 /n64_toolchain/lib/gcc/mips64-elf/14.2.0/../../../../mips64-elf/lib/libdragon.a(sprite.o)
                0x80017980                __sprite_upgrade
 .text.dma_write_raw_async.part.0
                0x80017a00       0x40 /n64_toolchain/lib/gcc/mips64-elf/14.2.0/../../../../mips64-elf/lib/libdragon.a(dma.o)
 .text.dma_read_async
                0x80017a40      0x4e0 /n64_toolchain/lib/gcc/mips64-elf/14.2.0/../../../../mips64-elf/lib/libdragon.a(dma.o)
                0x80017a40                dma_read_async
 .text.dma_read
                0x80017f20       0x40 /n64_toolchain/lib/gcc/mips64-elf/14.2.0/../../../../mips64-elf/lib/libdragon.a(dma.o)
                0x80017f20                dma_read
 .text.dma_write
                0x80017f60       0xa0 /n64_toolchain/lib/gcc/mips64-elf/14.2.0/../../../../mips64-elf/lib/libdragon.a(dma.o)
                0x80017f60                dma_write
 .text.io_read  0x80018000       0x60 /n64_toolchain/lib/gcc/mips64-elf/14.2.0/../../../../mips64-elf/lib/libdragon.a(dma.o)
                0x80018000                io_read
 .text.io_write
                0x80018060       0x60 /n64_toolchain/lib/gcc/mips64-elf/14.2.0/../../../../mips64-elf/lib/libdragon.a(dma.o)
                0x80018060                io_write
 .text.cb.0     0x800180c0       0x40 /n64_toolchain/lib/gcc/mips64-elf/14.2.0/../../../../mips64-elf/lib/libdragon.a(exception.o)
 .text.cb.1     0x80018100       0x80 /n64_toolchain/lib/gcc/mips64-elf/14.2.0/../../../../mips64-elf/lib/libdragon.a(exception.o)
 .text.is_unmapped_kx64
                0x80018180      0x1e0 /n64_toolchain/lib/gcc/mips64-elf/14.2.0/../../../../mips64-elf/lib/libdragon.a(exception.o)
 .text.__get_exception_name.isra.0
                0x80018360      0x440 /n64_toolchain/lib/gcc/mips64-elf/14.2.0/../../../../mips64-elf/lib/libdragon.a(exception.o)
 .text.__exception_dump_header
                0x800187a0      0x340 /n64_toolchain/lib/gcc/mips64-elf/14.2.0/../../../../mips64-elf/lib/libdragon.a(exception.o)
                0x800187a0                __exception_dump_header
 .text.__exception_dump_gpr
                0x80018ae0      0x180 /n64_toolchain/lib/gcc/mips64-elf/14.2.0/../../../../mips64-elf/lib/libdragon.a(exception.o)
                0x80018ae0                __exception_dump_gpr
 .text.__exception_dump_fpr
                0x80018c60      0x2e0 /n64_toolchain/lib/gcc/mips64-elf/14.2.0/../../../../mips64-elf/lib/libdragon.a(exception.o)
                0x80018c60                __exception_dump_fpr
 .text.exception_default_handler
                0x80018f40      0x1a0 /n64_toolchain/lib/gcc/mips64-elf/14.2.0/../../../../mips64-elf/lib/libdragon.a(exception.o)
                0x80018f40                exception_default_handler
 .text.__onCriticalException
                0x800190e0       0x80 /n64_toolchain/lib/gcc/mips64-elf/14.2.0/../../../../mips64-elf/lib/libdragon.a(exception.o)
                0x800190e0                __onCriticalException
 .text.register_syscall_handler
                0x80019160      0x1a0 /n64_toolchain/lib/gcc/mips64-elf/14.2.0/../../../../mips64-elf/lib/libdragon.a(exception.o)
                0x80019160                register_syscall_handler
 .text.__onSyscallException
                0x80019300      0x180 /n64_toolchain/lib/gcc/mips64-elf/14.2.0/../../../../mips64-elf/lib/libdragon.a(exception.o)
                0x80019300                __onSyscallException
 .text.__register_frame_info
                0x80019480       0x20 /n64_toolchain/lib/gcc/mips64-elf/14.2.0/../../../../mips64-elf/lib/libdragon.a(do_ctors.o)
                0x80019480                __register_frame_info
 .text.__wrap___do_global_ctors
                0x800194a0       0xe0 /n64_toolchain/lib/gcc/mips64-elf/14.2.0/../../../../mips64-elf/lib/libdragon.a(do_ctors.o)
                0x800194a0                __wrap___do_global_ctors
 .text.controller_read
                0x80019580       0x20 /n64_toolchain/lib/gcc/mips64-elf/14.2.0/../../../../mips64-elf/lib/libdragon.a(controller.o)
                0x80019580                controller_read
 .text.joybus_accessory_calculate_addr_checksum
                0x800195a0       0x60 /n64_toolchain/lib/gcc/mips64-elf/14.2.0/../../../../mips64-elf/lib/libdragon.a(joybus_accessory.o)
                0x800195a0                joybus_accessory_calculate_addr_checksum
 .text.joybus_accessory_calculate_data_crc
                0x80019600       0xa0 /n64_toolchain/lib/gcc/mips64-elf/14.2.0/../../../../mips64-elf/lib/libdragon.a(joybus_accessory.o)
                0x80019600                joybus_accessory_calculate_data_crc
 .text.joybus_accessory_compare_data_crc
                0x800196a0       0x60 /n64_toolchain/lib/gcc/mips64-elf/14.2.0/../../../../mips64-elf/lib/libdragon.a(joybus_accessory.o)
                0x800196a0                joybus_accessory_compare_data_crc
 .text.joybus_accessory_read_async
                0x80019700       0xe0 /n64_toolchain/lib/gcc/mips64-elf/14.2.0/../../../../mips64-elf/lib/libdragon.a(joybus_accessory.o)
                0x80019700                joybus_accessory_read_async
 .text.joybus_accessory_write_async
                0x800197e0      0x120 /n64_toolchain/lib/gcc/mips64-elf/14.2.0/../../../../mips64-elf/lib/libdragon.a(joybus_accessory.o)
                0x800197e0                joybus_accessory_write_async
 .text.joybus_msg_send
                0x80019900       0x80 /n64_toolchain/lib/gcc/mips64-elf/14.2.0/../../../../mips64-elf/lib/libdragon.a(joybus.o)
 .text.callback.0
                0x80019980       0x80 /n64_toolchain/lib/gcc/mips64-elf/14.2.0/../../../../mips64-elf/lib/libdragon.a(joybus.o)
 .text.si_interrupt
                0x80019a00      0x1a0 /n64_toolchain/lib/gcc/mips64-elf/14.2.0/../../../../mips64-elf/lib/libdragon.a(joybus.o)
 .text.startup.__joybus_init
                0x80019ba0       0x60 /n64_toolchain/lib/gcc/mips64-elf/14.2.0/../../../../mips64-elf/lib/libdragon.a(joybus.o)
                0x80019ba0                __joybus_init
 .text.joybus_exec_async
                0x80019c00      0x1a0 /n64_toolchain/lib/gcc/mips64-elf/14.2.0/../../../../mips64-elf/lib/libdragon.a(joybus.o)
                0x80019c00                joybus_exec_async
 .text.joybus_exec
                0x80019da0      0x140 /n64_toolchain/lib/gcc/mips64-elf/14.2.0/../../../../mips64-elf/lib/libdragon.a(joybus.o)
                0x80019da0                joybus_exec
 .text.joypad_inputs_from_n64_controller_read
                0x80019ee0       0xc0 /n64_toolchain/lib/gcc/mips64-elf/14.2.0/../../../../mips64-elf/lib/libdragon.a(joypad.o)
 .text.joypad_gcn_origin_callback
                0x80019fa0       0xe0 /n64_toolchain/lib/gcc/mips64-elf/14.2.0/../../../../mips64-elf/lib/libdragon.a(joypad.o)
 .text.joypad_read_callback
                0x8001a080       0x60 /n64_toolchain/lib/gcc/mips64-elf/14.2.0/../../../../mips64-elf/lib/libdragon.a(joypad.o)
 .text.joybus_input_read_n64_controllers
                0x8001a0e0       0xe0 /n64_toolchain/lib/gcc/mips64-elf/14.2.0/../../../../mips64-elf/lib/libdragon.a(joypad.o)
 .text.joypad_device_changed
                0x8001a1c0       0x80 /n64_toolchain/lib/gcc/mips64-elf/14.2.0/../../../../mips64-elf/lib/libdragon.a(joypad.o)
 .text.joypad_identify_callback
                0x8001a240      0x2a0 /n64_toolchain/lib/gcc/mips64-elf/14.2.0/../../../../mips64-elf/lib/libdragon.a(joypad.o)
 .text.joypad_read_async.part.0
                0x8001a4e0      0x220 /n64_toolchain/lib/gcc/mips64-elf/14.2.0/../../../../mips64-elf/lib/libdragon.a(joypad.o)
 .text.joypad_identify_async.part.0
                0x8001a700      0x140 /n64_toolchain/lib/gcc/mips64-elf/14.2.0/../../../../mips64-elf/lib/libdragon.a(joypad.o)
 .text.joypad_poll.part.0
                0x8001a840      0x520 /n64_toolchain/lib/gcc/mips64-elf/14.2.0/../../../../mips64-elf/lib/libdragon.a(joypad.o)
 .text.joypad_vi_interrupt_callback
                0x8001ad60       0xa0 /n64_toolchain/lib/gcc/mips64-elf/14.2.0/../../../../mips64-elf/lib/libdragon.a(joypad.o)
 .text.joypad_reset_interrupt_callback
                0x8001ae00      0x2c0 /n64_toolchain/lib/gcc/mips64-elf/14.2.0/../../../../mips64-elf/lib/libdragon.a(joypad.o)
 .text.joypad_init
                0x8001b0c0      0x1e0 /n64_toolchain/lib/gcc/mips64-elf/14.2.0/../../../../mips64-elf/lib/libdragon.a(joypad.o)
                0x8001b0c0                joypad_init
 .text.joypad_poll
                0x8001b2a0       0x60 /n64_toolchain/lib/gcc/mips64-elf/14.2.0/../../../../mips64-elf/lib/libdragon.a(joypad.o)
                0x8001b2a0                joypad_poll
 .text.joypad_get_inputs
                0x8001b300       0xa0 /n64_toolchain/lib/gcc/mips64-elf/14.2.0/../../../../mips64-elf/lib/libdragon.a(joypad.o)
                0x8001b300                joypad_get_inputs
 .text.cb.0     0x8001b3a0       0x40 /n64_toolchain/lib/gcc/mips64-elf/14.2.0/../../../../mips64-elf/lib/libdragon.a(backtrace.o)
 .text.symt_open
                0x8001b3e0      0x200 /n64_toolchain/lib/gcc/mips64-elf/14.2.0/../../../../mips64-elf/lib/libdragon.a(backtrace.o)
 .text.symt_addrtab_entry.isra.0
                0x8001b5e0       0x60 /n64_toolchain/lib/gcc/mips64-elf/14.2.0/../../../../mips64-elf/lib/libdragon.a(backtrace.o)
 .text.format_entry
                0x8001b640      0x2a0 /n64_toolchain/lib/gcc/mips64-elf/14.2.0/../../../../mips64-elf/lib/libdragon.a(backtrace.o)
 .text.symt_addrtab_search
                0x8001b8e0      0x160 /n64_toolchain/lib/gcc/mips64-elf/14.2.0/../../../../mips64-elf/lib/libdragon.a(backtrace.o)
 .text.__symbolize
                0x8001ba40      0x280 /n64_toolchain/lib/gcc/mips64-elf/14.2.0/../../../../mips64-elf/lib/libdragon.a(backtrace.o)
                0x8001ba40                __symbolize
 .text.__bt_analyze_func
                0x8001bcc0      0x1c0 /n64_toolchain/lib/gcc/mips64-elf/14.2.0/../../../../mips64-elf/lib/libdragon.a(backtrace.o)
                0x8001bcc0                __bt_analyze_func
 .text.backtrace_foreach.constprop.0
                0x8001be80      0x360 /n64_toolchain/lib/gcc/mips64-elf/14.2.0/../../../../mips64-elf/lib/libdragon.a(backtrace.o)
 .text.backtrace
                0x8001c1e0       0xe0 /n64_toolchain/lib/gcc/mips64-elf/14.2.0/../../../../mips64-elf/lib/libdragon.a(backtrace.o)
                0x8001c1e0                backtrace
 .text.backtrace_symbols_cb
                0x8001c2c0      0x320 /n64_toolchain/lib/gcc/mips64-elf/14.2.0/../../../../mips64-elf/lib/libdragon.a(backtrace.o)
                0x8001c2c0                backtrace_symbols_cb
 .text.backtrace_frame_print
                0x8001c5e0       0xa0 /n64_toolchain/lib/gcc/mips64-elf/14.2.0/../../../../mips64-elf/lib/libdragon.a(backtrace.o)
                0x8001c5e0                backtrace_frame_print
 .text.backtrace_frame_print_compact
                0x8001c680      0x140 /n64_toolchain/lib/gcc/mips64-elf/14.2.0/../../../../mips64-elf/lib/libdragon.a(backtrace.o)
                0x8001c680                backtrace_frame_print_compact
 .text.rompak_search_ext
                0x8001c7c0      0x220 /n64_toolchain/lib/gcc/mips64-elf/14.2.0/../../../../mips64-elf/lib/libdragon.a(rompak.o)
                0x8001c7c0                rompak_search_ext
 .text.timer_update_compare
                0x8001c9e0       0x40 /n64_toolchain/lib/gcc/mips64-elf/14.2.0/../../../../mips64-elf/lib/libdragon.a(timer.o)
 .text.timer_poll
                0x8001ca20      0x1a0 /n64_toolchain/lib/gcc/mips64-elf/14.2.0/../../../../mips64-elf/lib/libdragon.a(timer.o)
 .text.timer_init
                0x8001cbc0       0x60 /n64_toolchain/lib/gcc/mips64-elf/14.2.0/../../../../mips64-elf/lib/libdragon.a(timer.o)
                0x8001cbc0                timer_init
 .text.new_timer_context
                0x8001cc20      0x100 /n64_toolchain/lib/gcc/mips64-elf/14.2.0/../../../../mips64-elf/lib/libdragon.a(timer.o)
                0x8001cc20                new_timer_context
 .text.restart_timer
                0x8001cd20       0x80 /n64_toolchain/lib/gcc/mips64-elf/14.2.0/../../../../mips64-elf/lib/libdragon.a(timer.o)
                0x8001cd20                restart_timer
 .text.stop_timer
                0x8001cda0       0xe0 /n64_toolchain/lib/gcc/mips64-elf/14.2.0/../../../../mips64-elf/lib/libdragon.a(timer.o)
                0x8001cda0                stop_timer
 .text.joypad_transfer_pak_wait_timer_callback
                0x8001ce80      0x140 /n64_toolchain/lib/gcc/mips64-elf/14.2.0/../../../../mips64-elf/lib/libdragon.a(joypad_accessory.o)
 .text.joypad_accessory_check_read_crc_error
                0x8001cfc0      0x1c0 /n64_toolchain/lib/gcc/mips64-elf/14.2.0/../../../../mips64-elf/lib/libdragon.a(joypad_accessory.o)
 .text.joypad_transfer_pak_enable_read_callback
                0x8001d180       0xc0 /n64_toolchain/lib/gcc/mips64-elf/14.2.0/../../../../mips64-elf/lib/libdragon.a(joypad_accessory.o)
 .text.joypad_accessory_check_write_crc_error
                0x8001d240      0x1c0 /n64_toolchain/lib/gcc/mips64-elf/14.2.0/../../../../mips64-elf/lib/libdragon.a(joypad_accessory.o)
 .text.joypad_accessory_detect_write_callback
                0x8001d400      0x360 /n64_toolchain/lib/gcc/mips64-elf/14.2.0/../../../../mips64-elf/lib/libdragon.a(joypad_accessory.o)
 .text.joypad_transfer_pak_enable_write_callback
                0x8001d760      0x180 /n64_toolchain/lib/gcc/mips64-elf/14.2.0/../../../../mips64-elf/lib/libdragon.a(joypad_accessory.o)
 .text.joypad_accessory_detect_read_callback
                0x8001d8e0      0x4e0 /n64_toolchain/lib/gcc/mips64-elf/14.2.0/../../../../mips64-elf/lib/libdragon.a(joypad_accessory.o)
 .text.joypad_accessory_reset
                0x8001ddc0      0x140 /n64_toolchain/lib/gcc/mips64-elf/14.2.0/../../../../mips64-elf/lib/libdragon.a(joypad_accessory.o)
                0x8001ddc0                joypad_accessory_reset
 .text.joypad_transfer_pak_wait_timer_init
                0x8001df00       0xe0 /n64_toolchain/lib/gcc/mips64-elf/14.2.0/../../../../mips64-elf/lib/libdragon.a(joypad_accessory.o)
                0x8001df00                joypad_transfer_pak_wait_timer_init
 .text.joypad_accessory_detect_async
                0x8001dfe0      0x140 /n64_toolchain/lib/gcc/mips64-elf/14.2.0/../../../../mips64-elf/lib/libdragon.a(joypad_accessory.o)
                0x8001dfe0                joypad_accessory_detect_async
 .text.attach_filesystem
                0x8001e120      0x200 /n64_toolchain/lib/gcc/mips64-elf/14.2.0/../../../../mips64-elf/lib/libdragonsys.a(system.o)
                0x8001e120                attach_filesystem
 .text.close    0x8001e320       0xe0 /n64_toolchain/lib/gcc/mips64-elf/14.2.0/../../../../mips64-elf/lib/libdragonsys.a(system.o)
                0x8001e320                close
 .text._exit    0x8001e400       0x20 /n64_toolchain/lib/gcc/mips64-elf/14.2.0/../../../../mips64-elf/lib/libdragonsys.a(system.o)
                0x8001e400                _exit
 .text.fstat    0x8001e420      0x100 /n64_toolchain/lib/gcc/mips64-elf/14.2.0/../../../../mips64-elf/lib/libdragonsys.a(system.o)
                0x8001e420                fstat
 .text.getpid   0x8001e520       0x40 /n64_toolchain/lib/gcc/mips64-elf/14.2.0/../../../../mips64-elf/lib/libdragonsys.a(system.o)
                0x8001e520                getpid
 .text.isatty   0x8001e560       0x40 /n64_toolchain/lib/gcc/mips64-elf/14.2.0/../../../../mips64-elf/lib/libdragonsys.a(system.o)
                0x8001e560                isatty
 .text.kill     0x8001e5a0       0x40 /n64_toolchain/lib/gcc/mips64-elf/14.2.0/../../../../mips64-elf/lib/libdragonsys.a(system.o)
                0x8001e5a0                kill
 .text.lseek    0x8001e5e0      0x100 /n64_toolchain/lib/gcc/mips64-elf/14.2.0/../../../../mips64-elf/lib/libdragonsys.a(system.o)
                0x8001e5e0                lseek
 .text.read     0x8001e6e0      0x140 /n64_toolchain/lib/gcc/mips64-elf/14.2.0/../../../../mips64-elf/lib/libdragonsys.a(system.o)
                0x8001e6e0                read
 .text.sbrk     0x8001e820      0x120 /n64_toolchain/lib/gcc/mips64-elf/14.2.0/../../../../mips64-elf/lib/libdragonsys.a(system.o)
                0x8001e820                sbrk
 .text.write    0x8001e940      0x140 /n64_toolchain/lib/gcc/mips64-elf/14.2.0/../../../../mips64-elf/lib/libdragonsys.a(system.o)
                0x8001e940                write
 .text.hook_stdio_calls
                0x8001ea80       0x60 /n64_toolchain/lib/gcc/mips64-elf/14.2.0/../../../../mips64-elf/lib/libdragonsys.a(system.o)
                0x8001ea80                hook_stdio_calls
 .text._flush_cache
                0x8001eae0       0x40 /n64_toolchain/lib/gcc/mips64-elf/14.2.0/../../../../mips64-elf/lib/libdragonsys.a(system.o)
                0x8001eae0                _flush_cache
 .text.__assert_func
                0x8001eb20       0x20 /n64_toolchain/lib/gcc/mips64-elf/14.2.0/../../../../mips64-elf/lib/libdragonsys.a(system.o)
                0x8001eb20                __assert_func
 *(keep.text.*)
 *(.init)
 .init          0x8001eb40        0x8 /n64_toolchain/lib/gcc/mips64-elf/14.2.0/crti.o
                0x8001eb40                _init
 *(.fini)
 .fini          0x8001eb48        0x8 /n64_toolchain/lib/gcc/mips64-elf/14.2.0/crti.o
                0x8001eb48                _fini
 *(.gnu.linkonce.t.*)
                0x8001eb50                        . = ALIGN (0x10)
                0x8001eb50                        __text_end = .

.eh_frame_hdr
 *(.eh_frame_hdr)

.eh_frame       0x8001eb50        0x4
                0x8001eb50                        __EH_FRAME_BEGIN__ = .
 *(.eh_frame)
 .eh_frame      0x8001eb50        0x0 /n64_toolchain/lib/gcc/mips64-elf/14.2.0/crtbegin.o
 .eh_frame      0x8001eb50        0x4 /n64_toolchain/lib/gcc/mips64-elf/14.2.0/crtend.o

.gcc_except_table
 *(.gcc_except_table*)

.jcr
 *(.jcr)

.rodata         0x8001eb58     0x4b00
 *(.rdata)
 *(.rodata)
 .rodata        0x8001eb58      0x188 /n64_toolchain/lib/gcc/mips64-elf/14.2.0/../../../../mips64-elf/lib/libc.a(libc_a-vfprintf.o)
 .rodata        0x8001ece0      0x188 /n64_toolchain/lib/gcc/mips64-elf/14.2.0/../../../../mips64-elf/lib/libc.a(libc_a-svfprintf.o)
 .rodata        0x8001ee68      0x128 /n64_toolchain/lib/gcc/mips64-elf/14.2.0/../../../../mips64-elf/lib/libc.a(libc_a-mprec.o)
                0x8001ee78                __mprec_tinytens
                0x8001eea0                __mprec_bigtens
                0x8001eec8                __mprec_tens
 .rodata        0x8001ef90      0x288 /n64_toolchain/lib/gcc/mips64-elf/14.2.0/../../../../mips64-elf/lib/libc.a(libc_a-ctype_.o)
                0x8001ef90                _ctype_
                0x8001f098                _ctype_b
 *(.rodata.*)
 .rodata.draw_dress_up.str1.8
                0x8001f218     0x30f6 build/main.o
                                  0x4 (size before relaxing)
 .rodata.main.str1.8
                0x8002230e      0x383 build/main.o
 *fill*         0x8002230e        0x2 
 .rodata.RESOLUTION_320x240
                0x80022310        0xc build/main.o
 .rodata.data_cache_hit_invalidate.str1.8
                0x8002231c       0x45 /n64_toolchain/lib/gcc/mips64-elf/14.2.0/../../../../mips64-elf/lib/libdragon.a(n64sys.o)
 *fill*         0x8002231c        0x4 
 .rodata.__func__.1
                0x80022320       0x1a /n64_toolchain/lib/gcc/mips64-elf/14.2.0/../../../../mips64-elf/lib/libdragon.a(n64sys.o)
 .rodata.__MI_BB_handler.str1.8
                0x8002233a      0x18e /n64_toolchain/lib/gcc/mips64-elf/14.2.0/../../../../mips64-elf/lib/libdragon.a(interrupt.o)
 .rodata.__CART_handler.str1.8
                0x8002233a       0x7a /n64_toolchain/lib/gcc/mips64-elf/14.2.0/../../../../mips64-elf/lib/libdragon.a(interrupt.o)
 .rodata.register_RESET_handler.str1.8
                0x8002233a       0x1b /n64_toolchain/lib/gcc/mips64-elf/14.2.0/../../../../mips64-elf/lib/libdragon.a(interrupt.o)
 .rodata.enable_interrupts.str1.8
                0x8002233a       0x3c /n64_toolchain/lib/gcc/mips64-elf/14.2.0/../../../../mips64-elf/lib/libdragon.a(interrupt.o)
 *fill*         0x8002233a        0x6 
 .rodata.__func__.0
                0x80022340       0x12 /n64_toolchain/lib/gcc/mips64-elf/14.2.0/../../../../mips64-elf/lib/libdragon.a(interrupt.o)
 *fill*         0x80022352        0x6 
 .rodata.__func__.2
                0x80022358       0x17 /n64_toolchain/lib/gcc/mips64-elf/14.2.0/../../../../mips64-elf/lib/libdragon.a(interrupt.o)
 *fill*         0x8002236f        0x1 
 .rodata.__func__.3
                0x80022370        0xf /n64_toolchain/lib/gcc/mips64-elf/14.2.0/../../../../mips64-elf/lib/libdragon.a(interrupt.o)
 *fill*         0x8002237f        0x1 
 .rodata.__func__.5
                0x80022380       0x10 /n64_toolchain/lib/gcc/mips64-elf/14.2.0/../../../../mips64-elf/lib/libdragon.a(interrupt.o)
 .rodata.cb.0.str1.8
                0x80022390       0x1d /n64_toolchain/lib/gcc/mips64-elf/14.2.0/../../../../mips64-elf/lib/libdragon.a(debug.o)
 .rodata.debug_assert_func_f.str1.8
                0x80022390       0x45 /n64_toolchain/lib/gcc/mips64-elf/14.2.0/../../../../mips64-elf/lib/libdragon.a(debug.o)
 .rodata.debug_hexdump.str1.8
                0x80022390       0x33 /n64_toolchain/lib/gcc/mips64-elf/14.2.0/../../../../mips64-elf/lib/libdragon.a(debug.o)
 .rodata.__debug_backtrace.str1.8
                0x80022390        0xc /n64_toolchain/lib/gcc/mips64-elf/14.2.0/../../../../mips64-elf/lib/libdragon.a(debug.o)
 .rodata.__open.str1.8
                0x80022390        0x2 /n64_toolchain/lib/gcc/mips64-elf/14.2.0/../../../../mips64-elf/lib/libdragon.a(dragonfs.o)
 .rodata.dfs_init.str1.8
                0x80022390       0x9e /n64_toolchain/lib/gcc/mips64-elf/14.2.0/../../../../mips64-elf/lib/libdragon.a(dragonfs.o)
 .rodata.__func__.0
                0x80022390       0x16 /n64_toolchain/lib/gcc/mips64-elf/14.2.0/../../../../mips64-elf/lib/libdragon.a(dragonfs.o)
 .rodata.display_show.part.0.str1.8
                0x800223a6       0xf9 /n64_toolchain/lib/gcc/mips64-elf/14.2.0/../../../../mips64-elf/lib/libdragon.a(display.o)
 .rodata.display_init.str1.8
                0x800223a6      0x251 /n64_toolchain/lib/gcc/mips64-elf/14.2.0/../../../../mips64-elf/lib/libdragon.a(display.o)
 *fill*         0x800223a6        0x2 
 .rodata.display_init
                0x800223a8       0x14 /n64_toolchain/lib/gcc/mips64-elf/14.2.0/../../../../mips64-elf/lib/libdragon.a(display.o)
 .rodata.display_get.str1.8
                0x800223bc       0x1c /n64_toolchain/lib/gcc/mips64-elf/14.2.0/../../../../mips64-elf/lib/libdragon.a(display.o)
 *fill*         0x800223bc        0x4 
 .rodata.__func__.0
                0x800223c0        0xd /n64_toolchain/lib/gcc/mips64-elf/14.2.0/../../../../mips64-elf/lib/libdragon.a(display.o)
 *fill*         0x800223cd        0x3 
 .rodata.__func__.1
                0x800223d0        0xc /n64_toolchain/lib/gcc/mips64-elf/14.2.0/../../../../mips64-elf/lib/libdragon.a(display.o)
 *fill*         0x800223dc        0x4 
 .rodata.__func__.4
                0x800223e0        0xd /n64_toolchain/lib/gcc/mips64-elf/14.2.0/../../../../mips64-elf/lib/libdragon.a(display.o)
 *fill*         0x800223ed        0x3 
 .rodata.vi_config_presets
                0x800223f0      0x150 /n64_toolchain/lib/gcc/mips64-elf/14.2.0/../../../../mips64-elf/lib/libdragon.a(display.o)
 .rodata.surface_alloc.str1.8
                0x80022540       0x62 /n64_toolchain/lib/gcc/mips64-elf/14.2.0/../../../../mips64-elf/lib/libdragon.a(surface.o)
 .rodata.__func__.1
                0x80022540        0xe /n64_toolchain/lib/gcc/mips64-elf/14.2.0/../../../../mips64-elf/lib/libdragon.a(surface.o)
 *fill*         0x8002254e        0x2 
 .rodata.RESOLUTION_640x240
                0x80022550        0xc /n64_toolchain/lib/gcc/mips64-elf/14.2.0/../../../../mips64-elf/lib/libdragon.a(console.o)
 *fill*         0x8002255c        0x4 
 .rodata.__font_data
                0x80022560      0x800 /n64_toolchain/lib/gcc/mips64-elf/14.2.0/../../../../mips64-elf/lib/libdragon.a(graphics.o)
 .rodata.rsp_load_code.str1.8
                0x80022d60       0x47 /n64_toolchain/lib/gcc/mips64-elf/14.2.0/../../../../mips64-elf/lib/libdragon.a(rsp.o)
 .rodata.rsp_load_data.str1.8
                0x80022d60       0x17 /n64_toolchain/lib/gcc/mips64-elf/14.2.0/../../../../mips64-elf/lib/libdragon.a(rsp.o)
 .rodata.__rsp_crash.str1.8
                0x80022d60      0x7ef /n64_toolchain/lib/gcc/mips64-elf/14.2.0/../../../../mips64-elf/lib/libdragon.a(rsp.o)
 .rodata.rsp_wait.str1.8
                0x80022d60       0x1c /n64_toolchain/lib/gcc/mips64-elf/14.2.0/../../../../mips64-elf/lib/libdragon.a(rsp.o)
 .rodata.__func__.0
                0x80022d60        0x9 /n64_toolchain/lib/gcc/mips64-elf/14.2.0/../../../../mips64-elf/lib/libdragon.a(rsp.o)
 *fill*         0x80022d69        0x7 
 .rodata.__func__.1
                0x80022d70        0xe /n64_toolchain/lib/gcc/mips64-elf/14.2.0/../../../../mips64-elf/lib/libdragon.a(rsp.o)
 *fill*         0x80022d7e        0x2 
 .rodata.__func__.2
                0x80022d80        0xe /n64_toolchain/lib/gcc/mips64-elf/14.2.0/../../../../mips64-elf/lib/libdragon.a(rsp.o)
 *fill*         0x80022d8e        0x2 
 .rodata.__func__.3
                0x80022d90        0xe /n64_toolchain/lib/gcc/mips64-elf/14.2.0/../../../../mips64-elf/lib/libdragon.a(rsp.o)
 *fill*         0x80022d9e        0x2 
 .rodata.__func__.4
                0x80022da0        0xe /n64_toolchain/lib/gcc/mips64-elf/14.2.0/../../../../mips64-elf/lib/libdragon.a(rsp.o)
 .rodata.str1.8
                0x80022dae        0xa /n64_toolchain/lib/gcc/mips64-elf/14.2.0/../../../../mips64-elf/lib/libdragon.a(rsp.o)
 .rodata.cb.2.str1.8
                0x80022dae       0x22 /n64_toolchain/lib/gcc/mips64-elf/14.2.0/../../../../mips64-elf/lib/libdragon.a(inspector.o)
 .rodata.cb.1.str1.8
                0x80022dae        0xc /n64_toolchain/lib/gcc/mips64-elf/14.2.0/../../../../mips64-elf/lib/libdragon.a(inspector.o)
 .rodata.cb.0.str1.8
                0x80022dae       0x27 /n64_toolchain/lib/gcc/mips64-elf/14.2.0/../../../../mips64-elf/lib/libdragon.a(inspector.o)
 .rodata.cb.3.str1.8
                0x80022dae       0x2a /n64_toolchain/lib/gcc/mips64-elf/14.2.0/../../../../mips64-elf/lib/libdragon.a(inspector.o)
 *fill*         0x80022dae        0x2 
 .rodata.inspector_stdout
                0x80022db0       0x54 /n64_toolchain/lib/gcc/mips64-elf/14.2.0/../../../../mips64-elf/lib/libdragon.a(inspector.o)
 .rodata.mips_disasm.str1.8
                0x80022e04      0x1ce /n64_toolchain/lib/gcc/mips64-elf/14.2.0/../../../../mips64-elf/lib/libdragon.a(inspector.o)
 .rodata.mips_disasm
                0x80022e04       0xc0 /n64_toolchain/lib/gcc/mips64-elf/14.2.0/../../../../mips64-elf/lib/libdragon.a(inspector.o)
 .rodata.inspector.str1.8
                0x80022ec4      0x22c /n64_toolchain/lib/gcc/mips64-elf/14.2.0/../../../../mips64-elf/lib/libdragon.a(inspector.o)
 .rodata.inspector
                0x80022ec4       0x14 /n64_toolchain/lib/gcc/mips64-elf/14.2.0/../../../../mips64-elf/lib/libdragon.a(inspector.o)
 .rodata.str1.8
                0x80022ed8      0x6cb /n64_toolchain/lib/gcc/mips64-elf/14.2.0/../../../../mips64-elf/lib/libdragon.a(inspector.o)
 .rodata.CSWTCH.136
                0x80022ed8       0x14 /n64_toolchain/lib/gcc/mips64-elf/14.2.0/../../../../mips64-elf/lib/libdragon.a(inspector.o)
 *fill*         0x80022eec        0x4 
 .rodata.fpu_ops.7
                0x80022ef0      0x100 /n64_toolchain/lib/gcc/mips64-elf/14.2.0/../../../../mips64-elf/lib/libdragon.a(inspector.o)
 .rodata.special.8
                0x80022ff0      0x100 /n64_toolchain/lib/gcc/mips64-elf/14.2.0/../../../../mips64-elf/lib/libdragon.a(inspector.o)
 .rodata.ops.9  0x800230f0      0x100 /n64_toolchain/lib/gcc/mips64-elf/14.2.0/../../../../mips64-elf/lib/libdragon.a(inspector.o)
 .rodata.RESOLUTION_640x240
                0x800231f0        0xc /n64_toolchain/lib/gcc/mips64-elf/14.2.0/../../../../mips64-elf/lib/libdragon.a(inspector.o)
 .rodata.__sprite_upgrade.part.0.str1.8
                0x800231fc       0x85 /n64_toolchain/lib/gcc/mips64-elf/14.2.0/../../../../mips64-elf/lib/libdragon.a(sprite.o)
 *fill*         0x800231fc        0x4 
 .rodata.__func__.4
                0x80023200       0x11 /n64_toolchain/lib/gcc/mips64-elf/14.2.0/../../../../mips64-elf/lib/libdragon.a(sprite.o)
 .rodata.dma_write_raw_async.part.0.str1.8
                0x80023211       0x12 /n64_toolchain/lib/gcc/mips64-elf/14.2.0/../../../../mips64-elf/lib/libdragon.a(dma.o)
 .rodata.dma_read_async.str1.8
                0x80023211       0x8d /n64_toolchain/lib/gcc/mips64-elf/14.2.0/../../../../mips64-elf/lib/libdragon.a(dma.o)
 *fill*         0x80023211        0x7 
 .rodata.__func__.0
                0x80023218        0xf /n64_toolchain/lib/gcc/mips64-elf/14.2.0/../../../../mips64-elf/lib/libdragon.a(dma.o)
 *fill*         0x80023227        0x1 
 .rodata.__func__.1
                0x80023228       0x14 /n64_toolchain/lib/gcc/mips64-elf/14.2.0/../../../../mips64-elf/lib/libdragon.a(dma.o)
 .rodata.cb.0.str1.8
                0x8002323c       0x17 /n64_toolchain/lib/gcc/mips64-elf/14.2.0/../../../../mips64-elf/lib/libdragon.a(exception.o)
 .rodata.cb.1.str1.8
                0x8002323c       0x19 /n64_toolchain/lib/gcc/mips64-elf/14.2.0/../../../../mips64-elf/lib/libdragon.a(exception.o)
 .rodata.__get_exception_name.isra.0.str1.8
                0x8002323c      0x34b /n64_toolchain/lib/gcc/mips64-elf/14.2.0/../../../../mips64-elf/lib/libdragon.a(exception.o)
 .rodata.__get_exception_name.isra.0
                0x8002323c       0x40 /n64_toolchain/lib/gcc/mips64-elf/14.2.0/../../../../mips64-elf/lib/libdragon.a(exception.o)
 .rodata.__exception_dump_header.str1.8
                0x8002327c      0x1a5 /n64_toolchain/lib/gcc/mips64-elf/14.2.0/../../../../mips64-elf/lib/libdragon.a(exception.o)
 .rodata.__exception_dump_header
                0x8002327c       0x60 /n64_toolchain/lib/gcc/mips64-elf/14.2.0/../../../../mips64-elf/lib/libdragon.a(exception.o)
 .rodata.__exception_dump_gpr.str1.8
                0x800232dc       0x34 /n64_toolchain/lib/gcc/mips64-elf/14.2.0/../../../../mips64-elf/lib/libdragon.a(exception.o)
 .rodata.__exception_dump_fpr.str1.8
                0x800232dc       0x3e /n64_toolchain/lib/gcc/mips64-elf/14.2.0/../../../../mips64-elf/lib/libdragon.a(exception.o)
 .rodata.exception_default_handler.str1.8
                0x800232dc       0x3e /n64_toolchain/lib/gcc/mips64-elf/14.2.0/../../../../mips64-elf/lib/libdragon.a(exception.o)
 .rodata.register_syscall_handler.str1.8
                0x800232dc      0x143 /n64_toolchain/lib/gcc/mips64-elf/14.2.0/../../../../mips64-elf/lib/libdragon.a(exception.o)
 *fill*         0x800232dc        0x4 
 .rodata.__func__.2
                0x800232e0       0x19 /n64_toolchain/lib/gcc/mips64-elf/14.2.0/../../../../mips64-elf/lib/libdragon.a(exception.o)
 .rodata.str1.8
                0x800232f9      0x166 /n64_toolchain/lib/gcc/mips64-elf/14.2.0/../../../../mips64-elf/lib/libdragon.a(exception.o)
 *fill*         0x800232f9        0x7 
 .rodata.exceptionMap.3
                0x80023300       0x80 /n64_toolchain/lib/gcc/mips64-elf/14.2.0/../../../../mips64-elf/lib/libdragon.a(exception.o)
 .rodata.__do_global_ctors.str1.8
                0x80023380       0xa1 /n64_toolchain/lib/gcc/mips64-elf/14.2.0/../../../../mips64-elf/lib/libdragon.a(do_ctors.o)
 .rodata.__wrap___do_global_ctors.str1.8
                0x80023380       0xbb /n64_toolchain/lib/gcc/mips64-elf/14.2.0/../../../../mips64-elf/lib/libdragon.a(do_ctors.o)
 .rodata.__func__.0
                0x80023380       0x19 /n64_toolchain/lib/gcc/mips64-elf/14.2.0/../../../../mips64-elf/lib/libdragon.a(do_ctors.o)
 *fill*         0x80023399        0x7 
 .rodata.SI_read_con_block.6
                0x800233a0       0x40 /n64_toolchain/lib/gcc/mips64-elf/14.2.0/../../../../mips64-elf/lib/libdragon.a(controller.o)
 .rodata.xor_table.1
                0x800233e0       0x20 /n64_toolchain/lib/gcc/mips64-elf/14.2.0/../../../../mips64-elf/lib/libdragon.a(joybus_accessory.o)
 .rodata.joybus_msg_send.str1.8
                0x80023400       0x5c /n64_toolchain/lib/gcc/mips64-elf/14.2.0/../../../../mips64-elf/lib/libdragon.a(joybus.o)
 .rodata.si_interrupt.str1.8
                0x80023400       0x40 /n64_toolchain/lib/gcc/mips64-elf/14.2.0/../../../../mips64-elf/lib/libdragon.a(joybus.o)
 .rodata.joybus_exec_async.str1.8
                0x80023400       0x4a /n64_toolchain/lib/gcc/mips64-elf/14.2.0/../../../../mips64-elf/lib/libdragon.a(joybus.o)
 .rodata.__func__.1
                0x80023400       0x12 /n64_toolchain/lib/gcc/mips64-elf/14.2.0/../../../../mips64-elf/lib/libdragon.a(joybus.o)
 *fill*         0x80023412        0x6 
 .rodata.__func__.2
                0x80023418       0x10 /n64_toolchain/lib/gcc/mips64-elf/14.2.0/../../../../mips64-elf/lib/libdragon.a(joybus.o)
 .rodata.__func__.3
                0x80023428       0x10 /n64_toolchain/lib/gcc/mips64-elf/14.2.0/../../../../mips64-elf/lib/libdragon.a(joybus.o)
 .rodata.__func__.4
                0x80023438        0xd /n64_toolchain/lib/gcc/mips64-elf/14.2.0/../../../../mips64-elf/lib/libdragon.a(joybus.o)
 .rodata.joypad_get_axis_values.constprop.0.str1.8
                0x80023445       0xa7 /n64_toolchain/lib/gcc/mips64-elf/14.2.0/../../../../mips64-elf/lib/libdragon.a(joypad.o)
 *fill*         0x80023445        0x3 
 .rodata.__func__.5
                0x80023448       0x12 /n64_toolchain/lib/gcc/mips64-elf/14.2.0/../../../../mips64-elf/lib/libdragon.a(joypad.o)
 *fill*         0x8002345a        0x6 
 .rodata.__func__.9
                0x80023460       0x1c /n64_toolchain/lib/gcc/mips64-elf/14.2.0/../../../../mips64-elf/lib/libdragon.a(joypad.o)
 *fill*         0x8002347c        0x4 
 .rodata.__func__.18
                0x80023480        0xc /n64_toolchain/lib/gcc/mips64-elf/14.2.0/../../../../mips64-elf/lib/libdragon.a(joypad.o)
 *fill*         0x8002348c        0x4 
 .rodata.__func__.19
                0x80023490        0xc /n64_toolchain/lib/gcc/mips64-elf/14.2.0/../../../../mips64-elf/lib/libdragon.a(joypad.o)
 *fill*         0x8002349c        0x4 
 .rodata.__func__.20
                0x800234a0        0xd /n64_toolchain/lib/gcc/mips64-elf/14.2.0/../../../../mips64-elf/lib/libdragon.a(joypad.o)
 .rodata.symt_open.str1.8
                0x800234ad       0xc3 /n64_toolchain/lib/gcc/mips64-elf/14.2.0/../../../../mips64-elf/lib/libdragon.a(backtrace.o)
 .rodata.symt_addrtab_entry.isra.0.str1.8
                0x800234ad       0x38 /n64_toolchain/lib/gcc/mips64-elf/14.2.0/../../../../mips64-elf/lib/libdragon.a(backtrace.o)
 .rodata.format_entry.str1.8
                0x800234ad       0x14 /n64_toolchain/lib/gcc/mips64-elf/14.2.0/../../../../mips64-elf/lib/libdragon.a(backtrace.o)
 .rodata.__symbolize.str1.8
                0x800234ad       0x13 /n64_toolchain/lib/gcc/mips64-elf/14.2.0/../../../../mips64-elf/lib/libdragon.a(backtrace.o)
 .rodata.__bt_analyze_func.str1.8
                0x800234ad       0x42 /n64_toolchain/lib/gcc/mips64-elf/14.2.0/../../../../mips64-elf/lib/libdragon.a(backtrace.o)
 .rodata.backtrace_foreach.constprop.0.str1.8
                0x800234ad       0x81 /n64_toolchain/lib/gcc/mips64-elf/14.2.0/../../../../mips64-elf/lib/libdragon.a(backtrace.o)
 .rodata.backtrace_symbols_cb.str1.8
                0x800234ad       0x22 /n64_toolchain/lib/gcc/mips64-elf/14.2.0/../../../../mips64-elf/lib/libdragon.a(backtrace.o)
 .rodata.backtrace_frame_print.str1.8
                0x800234ad       0x35 /n64_toolchain/lib/gcc/mips64-elf/14.2.0/../../../../mips64-elf/lib/libdragon.a(backtrace.o)
 .rodata.backtrace_frame_print_compact.str1.8
                0x800234ad       0x2a /n64_toolchain/lib/gcc/mips64-elf/14.2.0/../../../../mips64-elf/lib/libdragon.a(backtrace.o)
 *fill*         0x800234ad        0x3 
 .rodata.__func__.3
                0x800234b0       0x13 /n64_toolchain/lib/gcc/mips64-elf/14.2.0/../../../../mips64-elf/lib/libdragon.a(backtrace.o)
 .rodata.rompak_search_ext.str1.8
                0x800234c3       0xb7 /n64_toolchain/lib/gcc/mips64-elf/14.2.0/../../../../mips64-elf/lib/libdragon.a(rompak.o)
 *fill*         0x800234c3        0x5 
 .rodata.__func__.0
                0x800234c8       0x12 /n64_toolchain/lib/gcc/mips64-elf/14.2.0/../../../../mips64-elf/lib/libdragon.a(rompak.o)
 .rodata.timer_poll.str1.8
                0x800234da       0x89 /n64_toolchain/lib/gcc/mips64-elf/14.2.0/../../../../mips64-elf/lib/libdragon.a(timer.o)
 .rodata.new_timer.str1.8
                0x800234da       0x35 /n64_toolchain/lib/gcc/mips64-elf/14.2.0/../../../../mips64-elf/lib/libdragon.a(timer.o)
 *fill*         0x800234da        0x6 
 .rodata.__func__.3
                0x800234e0        0xb /n64_toolchain/lib/gcc/mips64-elf/14.2.0/../../../../mips64-elf/lib/libdragon.a(timer.o)
 *fill*         0x800234eb        0x5 
 .rodata.__func__.6
                0x800234f0       0x12 /n64_toolchain/lib/gcc/mips64-elf/14.2.0/../../../../mips64-elf/lib/libdragon.a(timer.o)
 *fill*         0x80023502        0x6 
 .rodata.__func__.8
                0x80023508        0xb /n64_toolchain/lib/gcc/mips64-elf/14.2.0/../../../../mips64-elf/lib/libdragon.a(timer.o)
 .rodata.joypad_accessory_check_read_crc_error.str1.8
                0x80023513       0x57 /n64_toolchain/lib/gcc/mips64-elf/14.2.0/../../../../mips64-elf/lib/libdragon.a(joypad_accessory.o)
 *fill*         0x80023513        0x1 
 .rodata.joypad_accessory_detect_write_callback
                0x80023514       0x34 /n64_toolchain/lib/gcc/mips64-elf/14.2.0/../../../../mips64-elf/lib/libdragon.a(joypad_accessory.o)
 .rodata.joypad_transfer_pak_enable_write_callback.str1.8
                0x80023548       0x33 /n64_toolchain/lib/gcc/mips64-elf/14.2.0/../../../../mips64-elf/lib/libdragon.a(joypad_accessory.o)
 .rodata.joypad_accessory_detect_read_callback
                0x80023548       0x2c /n64_toolchain/lib/gcc/mips64-elf/14.2.0/../../../../mips64-elf/lib/libdragon.a(joypad_accessory.o)
 .rodata.joypad_accessory_reset.str1.8
                0x80023574       0x2a /n64_toolchain/lib/gcc/mips64-elf/14.2.0/../../../../mips64-elf/lib/libdragon.a(joypad_accessory.o)
 *fill*         0x80023574        0x4 
 .rodata.__func__.8
                0x80023578       0x1e /n64_toolchain/lib/gcc/mips64-elf/14.2.0/../../../../mips64-elf/lib/libdragon.a(joypad_accessory.o)
 *fill*         0x80023596        0x2 
 .rodata.__func__.9
                0x80023598       0x27 /n64_toolchain/lib/gcc/mips64-elf/14.2.0/../../../../mips64-elf/lib/libdragon.a(joypad_accessory.o)
 *fill*         0x800235bf        0x1 
 .rodata.__func__.10
                0x800235c0       0x2a /n64_toolchain/lib/gcc/mips64-elf/14.2.0/../../../../mips64-elf/lib/libdragon.a(joypad_accessory.o)
 *fill*         0x800235ea        0x6 
 .rodata.__func__.11
                0x800235f0       0x26 /n64_toolchain/lib/gcc/mips64-elf/14.2.0/../../../../mips64-elf/lib/libdragon.a(joypad_accessory.o)
 *fill*         0x80023616        0x2 
 .rodata.__func__.12
                0x80023618       0x24 /n64_toolchain/lib/gcc/mips64-elf/14.2.0/../../../../mips64-elf/lib/libdragon.a(joypad_accessory.o)
 *fill*         0x8002363c        0x4 
 .rodata.__func__.13
                0x80023640       0x17 /n64_toolchain/lib/gcc/mips64-elf/14.2.0/../../../../mips64-elf/lib/libdragon.a(joypad_accessory.o)
 .rodata.str1.8
                0x80023657       0x5a /n64_toolchain/lib/gcc/mips64-elf/14.2.0/../../../../mips64-elf/lib/libc.a(libc_a-vfprintf.o)
 .rodata.str1.8
                0x80023657       0x5a /n64_toolchain/lib/gcc/mips64-elf/14.2.0/../../../../mips64-elf/lib/libc.a(libc_a-svfprintf.o)
 .rodata.str1.8
                0x80023657       0x71 /n64_toolchain/lib/gcc/mips64-elf/14.2.0/../../../../mips64-elf/lib/libc.a(libc_a-dtoa.o)
 .rodata.str1.8
                0x80023657        0x2 /n64_toolchain/lib/gcc/mips64-elf/14.2.0/../../../../mips64-elf/lib/libc.a(libc_a-puts.o)
 .rodata.str1.8
                0x80023657       0x52 /n64_toolchain/lib/gcc/mips64-elf/14.2.0/../../../../mips64-elf/lib/libc.a(libc_a-mprec.o)
 .rodata.str1.8
                0x80023657       0x1a /n64_toolchain/lib/gcc/mips64-elf/14.2.0/../../../../mips64-elf/lib/libc.a(libc_a-locale.o)
 *(keep.rodata.*)
 *(.gnu.linkonce.r.*)
                0x800236c8                        . = ALIGN (0x8)
 *fill*         0x80023657        0x1 

.MIPS.abiflags  0x80023658       0x18
 .MIPS.abiflags
                0x80023658       0x18 /n64_toolchain/lib/gcc/mips64-elf/14.2.0/crti.o

.rel.dyn        0x80023670        0x0
 .rel.dyn       0x80023670        0x0 /n64_toolchain/lib/gcc/mips64-elf/14.2.0/../../../../mips64-elf/lib/libdragon.a(n64sys.o)
                0x80023670                        . = ALIGN (0x4)

.ctors          0x80023670       0x18
                0x80023670                        __CTOR_LIST__ = .
 *(.ctors)
 .ctors         0x80023670        0x4 /n64_toolchain/lib/gcc/mips64-elf/14.2.0/crtbegin.o
 .ctors         0x80023674        0x4 /n64_toolchain/lib/gcc/mips64-elf/14.2.0/../../../../mips64-elf/lib/libdragon.a(n64sys.o)
 .ctors         0x80023678        0x4 /n64_toolchain/lib/gcc/mips64-elf/14.2.0/../../../../mips64-elf/lib/libdragon.a(interrupt.o)
 .ctors         0x8002367c        0x4 /n64_toolchain/lib/gcc/mips64-elf/14.2.0/../../../../mips64-elf/lib/libdragon.a(inspector.o)
 .ctors         0x80023680        0x4 /n64_toolchain/lib/gcc/mips64-elf/14.2.0/../../../../mips64-elf/lib/libdragon.a(joybus.o)
 .ctors         0x80023684        0x4 /n64_toolchain/lib/gcc/mips64-elf/14.2.0/crtend.o
                0x80023688                        __CTOR_END__ = .
                0x80023688                        . = ALIGN (0x8)

.data           0x80023688      0xb38
                0x80023688                        __data_start = .
 *(.data)
 .data          0x80023688      0x1c4 /n64_toolchain/lib/gcc/mips64-elf/14.2.0/../../../../mips64-elf/lib/libdragon.a(rsp_crash.o)
                0x80023688                rsp_crash_text_start
                0x80023848                rsp_crash_data_start
                0x80023848                rsp_crash_text_end
                0x8002384c                rsp_crash_data_end
 *fill*         0x8002384c        0x4 
 .data          0x80023850      0x120 /n64_toolchain/lib/gcc/mips64-elf/14.2.0/../../../../mips64-elf/lib/libc.a(libc_a-impure.o)
                0x80023850                _impure_data
 .data          0x80023970      0x408 /n64_toolchain/lib/gcc/mips64-elf/14.2.0/../../../../mips64-elf/lib/libc.a(libc_a-mallocr.o)
                0x80023970                __malloc_av_
 .data          0x80023d78        0xc /n64_toolchain/lib/gcc/mips64-elf/14.2.0/../../../../mips64-elf/lib/libc.a(libc_a-findfp.o)
                0x80023d78                __sglue
 *fill*         0x80023d84        0x4 
 .data          0x80023d88      0x16c /n64_toolchain/lib/gcc/mips64-elf/14.2.0/../../../../mips64-elf/lib/libc.a(libc_a-locale.o)
                0x80023d88                __global_locale
 *(.data.*)
 *fill*         0x80023ef4        0x4 
 .data.character
                0x80023ef8       0x14 build/main.o
                0x80023ef8                character
 *fill*         0x80023f0c        0x4 
 .data.dragon_fs
                0x80023f10       0x38 /n64_toolchain/lib/gcc/mips64-elf/14.2.0/../../../../mips64-elf/lib/libdragon.a(dragonfs.o)
 .data.sprite_font
                0x80023f48        0xc /n64_toolchain/lib/gcc/mips64-elf/14.2.0/../../../../mips64-elf/lib/libdragon.a(graphics.o)
 *fill*         0x80023f54        0x4 
 .data.rsp_crash
                0x80023f58       0x20 /n64_toolchain/lib/gcc/mips64-elf/14.2.0/../../../../mips64-elf/lib/libdragon.a(rsp.o)
                0x80023f58                rsp_crash
 .data.__mips_fpreg
                0x80023f78       0x80 /n64_toolchain/lib/gcc/mips64-elf/14.2.0/../../../../mips64-elf/lib/libdragon.a(inspector.o)
                0x80023f78                __mips_fpreg
 .data.__mips_gpr
                0x80023ff8       0x88 /n64_toolchain/lib/gcc/mips64-elf/14.2.0/../../../../mips64-elf/lib/libdragon.a(inspector.o)
                0x80023ff8                __mips_gpr
 .data.warning.0
                0x80024080       0xba /n64_toolchain/lib/gcc/mips64-elf/14.2.0/../../../../mips64-elf/lib/libdragonsys.a(system.o)
 *fill*         0x8002413a        0x6 
 .data.handle_map
                0x80024140       0x80 /n64_toolchain/lib/gcc/mips64-elf/14.2.0/../../../../mips64-elf/lib/libdragonsys.a(system.o)
 *(keep.data.*)
 *(.gnu.linkonce.d.*)
                0x800241c0                        . = ALIGN (0x8)

.sdata          0x800241c0       0xc0
                0x8002c1c0                        _gp = (. + 0x8000)
 *(.sdata)
 .sdata         0x800241c0       0x10 /n64_toolchain/lib/gcc/mips64-elf/14.2.0/../../../../mips64-elf/lib/libdragon.a(exception.o)
 .sdata         0x800241d0        0x8 /n64_toolchain/lib/gcc/mips64-elf/14.2.0/../../../../mips64-elf/lib/libc.a(libc_a-vfprintf.o)
 .sdata         0x800241d8        0x8 /n64_toolchain/lib/gcc/mips64-elf/14.2.0/../../../../mips64-elf/lib/libc.a(libc_a-svfprintf.o)
 .sdata         0x800241e0        0x4 /n64_toolchain/lib/gcc/mips64-elf/14.2.0/../../../../mips64-elf/lib/libc.a(libc_a-impure.o)
                0x800241e0                _impure_ptr
 .sdata         0x800241e4        0x8 /n64_toolchain/lib/gcc/mips64-elf/14.2.0/../../../../mips64-elf/lib/libc.a(libc_a-mallocr.o)
                0x800241e4                __malloc_sbrk_base
                0x800241e8                __malloc_trim_threshold
 *fill*         0x800241ec        0x4 
 .sdata         0x800241f0       0x48 /n64_toolchain/lib/gcc/mips64-elf/14.2.0/../../../../mips64-elf/lib/libc.a(libc_a-dtoa.o)
 .sdata         0x80024238       0x10 /n64_toolchain/lib/gcc/mips64-elf/14.2.0/../../../../mips64-elf/lib/libc.a(libc_a-mprec.o)
 *(.sdata.*)
 .sdata.cat_select
                0x80024248        0x4 build/main.o
                0x80024248                cat_select
 .sdata.hover   0x8002424c        0x4 build/main.o
                0x8002424c                hover
 .sdata.__interrupt_depth
                0x80024250        0x4 /n64_toolchain/lib/gcc/mips64-elf/14.2.0/../../../../mips64-elf/lib/libdragon.a(interrupt.o)
 .sdata.usb_readblock
                0x80024254        0x4 /n64_toolchain/lib/gcc/mips64-elf/14.2.0/../../../../mips64-elf/lib/libdragon.a(usb.o)
 .sdata.now_showing
                0x80024258        0x4 /n64_toolchain/lib/gcc/mips64-elf/14.2.0/../../../../mips64-elf/lib/libdragon.a(display.o)
 .sdata.__buffers
                0x8002425c        0x4 /n64_toolchain/lib/gcc/mips64-elf/14.2.0/../../../../mips64-elf/lib/libdragon.a(display.o)
 .sdata.console_redirect_debug
                0x80024260        0x1 /n64_toolchain/lib/gcc/mips64-elf/14.2.0/../../../../mips64-elf/lib/libdragon.a(console.o)
 *fill*         0x80024261        0x3 
 .sdata.f_color
                0x80024264        0x4 /n64_toolchain/lib/gcc/mips64-elf/14.2.0/../../../../mips64-elf/lib/libdragon.a(graphics.o)
 .sdata.first_backtrace
                0x80024268        0x1 /n64_toolchain/lib/gcc/mips64-elf/14.2.0/../../../../mips64-elf/lib/libdragon.a(inspector.o)
 *fill*         0x80024269        0x3 
 .sdata.fpr_show_mode
                0x8002426c        0x4 /n64_toolchain/lib/gcc/mips64-elf/14.2.0/../../../../mips64-elf/lib/libdragon.a(inspector.o)
 .sdata.__exception_handler
                0x80024270        0x4 /n64_toolchain/lib/gcc/mips64-elf/14.2.0/../../../../mips64-elf/lib/libdragon.a(exception.o)
 .sdata.mainexe_symt.4
                0x80024274        0x4 /n64_toolchain/lib/gcc/mips64-elf/14.2.0/../../../../mips64-elf/lib/libdragon.a(backtrace.o)
 .sdata.SYMT_ROM
                0x80024278        0x4 /n64_toolchain/lib/gcc/mips64-elf/14.2.0/../../../../mips64-elf/lib/libdragon.a(backtrace.o)
 .sdata.handle_buckets_count
                0x8002427c        0x4 /n64_toolchain/lib/gcc/mips64-elf/14.2.0/../../../../mips64-elf/lib/libdragonsys.a(system.o)
 *(.gnu.linkonce.s.*)
                0x80024280                        . = ALIGN (0x8)

.lit8           0x80024280        0x0
 *(.lit8)
                0x80024280                        . = ALIGN (0x8)

.lit4           0x80024280        0x0
 *(.lit4)
                0x80024280                        . = ALIGN (0x8)
                0x80024280                        . = ALIGN (0x8)
                0x80024280                        __data_end = .
                0x80024280                        . = ALIGN (0x8)
                0x80024280                        __rom_end = .

.sbss           0x80024280      0x1c8
                0x80024280                        __bss_start = .
 *(.sbss)
 .sbss          0x80024280        0x4 /n64_toolchain/lib/gcc/mips64-elf/14.2.0/../../../../mips64-elf/lib/libdragon.a(inthandler.o)
                0x80024280                interrupt_exception_frame
 *fill*         0x80024284        0x4 
 .sbss          0x80024288       0x39 /n64_toolchain/lib/gcc/mips64-elf/14.2.0/../../../../mips64-elf/lib/libc.a(libc_a-lock.o)
                0x80024288                __lock___arc4random_mutex
                0x80024290                __lock___dd_hash_mutex
                0x80024298                __lock___tz_mutex
                0x800242a0                __lock___env_recursive_mutex
                0x800242a8                __lock___malloc_recursive_mutex
                0x800242b0                __lock___at_quick_exit_mutex
                0x800242b8                __lock___atexit_recursive_mutex
                0x800242c0                __lock___sfp_recursive_mutex
 *fill*         0x800242c1        0x3 
 .sbss          0x800242c4        0xc /n64_toolchain/lib/gcc/mips64-elf/14.2.0/../../../../mips64-elf/lib/libc.a(libc_a-mallocr.o)
                0x800242c4                __malloc_max_total_mem
                0x800242c8                __malloc_max_sbrked_mem
                0x800242cc                __malloc_top_pad
 .sbss          0x800242d0        0x4 /n64_toolchain/lib/gcc/mips64-elf/14.2.0/../../../../mips64-elf/lib/libc.a(libc_a-findfp.o)
                0x800242d0                __stdio_exit_handler
 .sbss          0x800242d4        0x4 /n64_toolchain/lib/gcc/mips64-elf/14.2.0/../../../../mips64-elf/lib/libc.a(libc_a-reent.o)
                0x800242d4                errno
 *(.sbss.*)
 .sbss.a_release
                0x800242d8        0x1 build/main.o
                0x800242d8                a_release
 *fill*         0x800242d9        0x3 
 .sbss.arrow    0x800242dc        0x4 build/main.o
                0x800242dc                arrow
 .sbss.start_screen_frame
                0x800242e0        0x4 build/main.o
                0x800242e0                start_screen_frame
 .sbss.last_switch
                0x800242e4        0x4 build/main.o
                0x800242e4                last_switch
 .sbss.current_stage
                0x800242e8        0x4 build/main.o
                0x800242e8                current_stage
 *fill*         0x800242ec        0x4 
 .sbss.ticks64_base
                0x800242f0        0x8 /n64_toolchain/lib/gcc/mips64-elf/14.2.0/../../../../mips64-elf/lib/libdragon.a(n64sys.o)
 .sbss.ticks64_base_tick
                0x800242f8        0x4 /n64_toolchain/lib/gcc/mips64-elf/14.2.0/../../../../mips64-elf/lib/libdragon.a(n64sys.o)
 .sbss.__expanded_memory_asserted
                0x800242fc        0x1 /n64_toolchain/lib/gcc/mips64-elf/14.2.0/../../../../mips64-elf/lib/libdragon.a(n64sys.o)
                0x800242fc                __expanded_memory_asserted
 *fill*         0x800242fd        0x3 
 .sbss.__boot_consoletype
                0x80024300        0x4 /n64_toolchain/lib/gcc/mips64-elf/14.2.0/../../../../mips64-elf/lib/libdragon.a(n64sys.o)
                0x80024300                __boot_consoletype
 .sbss.__boot_resettype
                0x80024304        0x4 /n64_toolchain/lib/gcc/mips64-elf/14.2.0/../../../../mips64-elf/lib/libdragon.a(n64sys.o)
                0x80024304                __boot_resettype
 .sbss.__boot_tvtype
                0x80024308        0x4 /n64_toolchain/lib/gcc/mips64-elf/14.2.0/../../../../mips64-elf/lib/libdragon.a(n64sys.o)
                0x80024308                __boot_tvtype
 .sbss.__boot_memsize
                0x8002430c        0x4 /n64_toolchain/lib/gcc/mips64-elf/14.2.0/../../../../mips64-elf/lib/libdragon.a(n64sys.o)
                0x8002430c                __boot_memsize
 .sbss.last_cart_interrupt_count.4
                0x80024310        0x4 /n64_toolchain/lib/gcc/mips64-elf/14.2.0/../../../../mips64-elf/lib/libdragon.a(interrupt.o)
 .sbss.__prenmi_tick
                0x80024314        0x4 /n64_toolchain/lib/gcc/mips64-elf/14.2.0/../../../../mips64-elf/lib/libdragon.a(interrupt.o)
 .sbss.BB_MD_callback
                0x80024318        0x4 /n64_toolchain/lib/gcc/mips64-elf/14.2.0/../../../../mips64-elf/lib/libdragon.a(interrupt.o)
                0x80024318                BB_MD_callback
 .sbss.BB_USB1_callback
                0x8002431c        0x4 /n64_toolchain/lib/gcc/mips64-elf/14.2.0/../../../../mips64-elf/lib/libdragon.a(interrupt.o)
                0x8002431c                BB_USB1_callback
 .sbss.BB_USB0_callback
                0x80024320        0x4 /n64_toolchain/lib/gcc/mips64-elf/14.2.0/../../../../mips64-elf/lib/libdragon.a(interrupt.o)
                0x80024320                BB_USB0_callback
 .sbss.BB_AES_callback
                0x80024324        0x4 /n64_toolchain/lib/gcc/mips64-elf/14.2.0/../../../../mips64-elf/lib/libdragon.a(interrupt.o)
                0x80024324                BB_AES_callback
 .sbss.BB_FLASH_callback
                0x80024328        0x4 /n64_toolchain/lib/gcc/mips64-elf/14.2.0/../../../../mips64-elf/lib/libdragon.a(interrupt.o)
                0x80024328                BB_FLASH_callback
 .sbss.CART_callback
                0x8002432c        0x4 /n64_toolchain/lib/gcc/mips64-elf/14.2.0/../../../../mips64-elf/lib/libdragon.a(interrupt.o)
                0x8002432c                CART_callback
 .sbss.TI_callback
                0x80024330        0x4 /n64_toolchain/lib/gcc/mips64-elf/14.2.0/../../../../mips64-elf/lib/libdragon.a(interrupt.o)
                0x80024330                TI_callback
 .sbss.SP_callback
                0x80024334        0x4 /n64_toolchain/lib/gcc/mips64-elf/14.2.0/../../../../mips64-elf/lib/libdragon.a(interrupt.o)
                0x80024334                SP_callback
 .sbss.SI_callback
                0x80024338        0x4 /n64_toolchain/lib/gcc/mips64-elf/14.2.0/../../../../mips64-elf/lib/libdragon.a(interrupt.o)
                0x80024338                SI_callback
 .sbss.DP_callback
                0x8002433c        0x4 /n64_toolchain/lib/gcc/mips64-elf/14.2.0/../../../../mips64-elf/lib/libdragon.a(interrupt.o)
                0x8002433c                DP_callback
 .sbss.PI_callback
                0x80024340        0x4 /n64_toolchain/lib/gcc/mips64-elf/14.2.0/../../../../mips64-elf/lib/libdragon.a(interrupt.o)
                0x80024340                PI_callback
 .sbss.VI_callback
                0x80024344        0x4 /n64_toolchain/lib/gcc/mips64-elf/14.2.0/../../../../mips64-elf/lib/libdragon.a(interrupt.o)
                0x80024344                VI_callback
 .sbss.AI_callback
                0x80024348        0x4 /n64_toolchain/lib/gcc/mips64-elf/14.2.0/../../../../mips64-elf/lib/libdragon.a(interrupt.o)
                0x80024348                AI_callback
 .sbss.__interrupt_sr
                0x8002434c        0x4 /n64_toolchain/lib/gcc/mips64-elf/14.2.0/../../../../mips64-elf/lib/libdragon.a(interrupt.o)